[2025-04-24 07:57:54] local.ERROR: Target class [livewire] does not exist. {"exception":"[object] (Illuminate\\Contracts\\Container\\BindingResolutionException(code: 0): Target class [livewire] does not exist. at /home/hari/Documents/project/laravel/khi_hakizen/vendor/laravel/framework/src/Illuminate/Container/Container.php:946)
[stacktrace]
#0 /home/hari/Documents/project/laravel/khi_hakizen/vendor/laravel/framework/src/Illuminate/Container/Container.php(819): Illuminate\\Container\\Container->build()
#1 /home/hari/Documents/project/laravel/khi_hakizen/vendor/laravel/framework/src/Illuminate/Foundation/Application.php(1048): Illuminate\\Container\\Container->resolve()
#2 /home/hari/Documents/project/laravel/khi_hakizen/vendor/laravel/framework/src/Illuminate/Container/Container.php(755): Illuminate\\Foundation\\Application->resolve()
#3 /home/hari/Documents/project/laravel/khi_hakizen/vendor/laravel/framework/src/Illuminate/Foundation/Application.php(1030): Illuminate\\Container\\Container->make()
#4 /home/hari/Documents/project/laravel/khi_hakizen/vendor/laravel/framework/src/Illuminate/Foundation/helpers.php(124): Illuminate\\Foundation\\Application->make()
#5 /home/hari/Documents/project/laravel/khi_hakizen/vendor/livewire/livewire/src/LivewireServiceProvider.php(29): app()
#6 /home/hari/Documents/project/laravel/khi_hakizen/vendor/livewire/livewire/src/LivewireServiceProvider.php(11): Livewire\\LivewireServiceProvider->registerLivewireSingleton()
#7 /home/hari/Documents/project/laravel/khi_hakizen/vendor/laravel/framework/src/Illuminate/Foundation/Application.php(870): Livewire\\LivewireServiceProvider->register()
#8 /home/hari/Documents/project/laravel/khi_hakizen/vendor/laravel/framework/src/Illuminate/Foundation/ProviderRepository.php(75): Illuminate\\Foundation\\Application->register()
#9 /home/hari/Documents/project/laravel/khi_hakizen/vendor/laravel/framework/src/Illuminate/Foundation/Application.php(845): Illuminate\\Foundation\\ProviderRepository->load()
#10 /home/hari/Documents/project/laravel/khi_hakizen/vendor/laravel/framework/src/Illuminate/Foundation/Bootstrap/RegisterProviders.php(37): Illuminate\\Foundation\\Application->registerConfiguredProviders()
#11 /home/hari/Documents/project/laravel/khi_hakizen/vendor/laravel/framework/src/Illuminate/Foundation/Application.php(316): Illuminate\\Foundation\\Bootstrap\\RegisterProviders->bootstrap()
#12 /home/hari/Documents/project/laravel/khi_hakizen/vendor/laravel/framework/src/Illuminate/Foundation/Console/Kernel.php(474): Illuminate\\Foundation\\Application->bootstrapWith()
#13 /home/hari/Documents/project/laravel/khi_hakizen/vendor/laravel/framework/src/Illuminate/Foundation/Console/Kernel.php(196): Illuminate\\Foundation\\Console\\Kernel->bootstrap()
#14 /home/hari/Documents/project/laravel/khi_hakizen/artisan(35): Illuminate\\Foundation\\Console\\Kernel->handle()
#15 {main}

[previous exception] [object] (ReflectionException(code: -1): Class \"livewire\" does not exist at /home/hari/Documents/project/laravel/khi_hakizen/vendor/laravel/framework/src/Illuminate/Container/Container.php:944)
[stacktrace]
#0 /home/hari/Documents/project/laravel/khi_hakizen/vendor/laravel/framework/src/Illuminate/Container/Container.php(944): ReflectionClass->__construct()
#1 /home/hari/Documents/project/laravel/khi_hakizen/vendor/laravel/framework/src/Illuminate/Container/Container.php(819): Illuminate\\Container\\Container->build()
#2 /home/hari/Documents/project/laravel/khi_hakizen/vendor/laravel/framework/src/Illuminate/Foundation/Application.php(1048): Illuminate\\Container\\Container->resolve()
#3 /home/hari/Documents/project/laravel/khi_hakizen/vendor/laravel/framework/src/Illuminate/Container/Container.php(755): Illuminate\\Foundation\\Application->resolve()
#4 /home/hari/Documents/project/laravel/khi_hakizen/vendor/laravel/framework/src/Illuminate/Foundation/Application.php(1030): Illuminate\\Container\\Container->make()
#5 /home/hari/Documents/project/laravel/khi_hakizen/vendor/laravel/framework/src/Illuminate/Foundation/helpers.php(124): Illuminate\\Foundation\\Application->make()
#6 /home/hari/Documents/project/laravel/khi_hakizen/vendor/livewire/livewire/src/LivewireServiceProvider.php(29): app()
#7 /home/hari/Documents/project/laravel/khi_hakizen/vendor/livewire/livewire/src/LivewireServiceProvider.php(11): Livewire\\LivewireServiceProvider->registerLivewireSingleton()
#8 /home/hari/Documents/project/laravel/khi_hakizen/vendor/laravel/framework/src/Illuminate/Foundation/Application.php(870): Livewire\\LivewireServiceProvider->register()
#9 /home/hari/Documents/project/laravel/khi_hakizen/vendor/laravel/framework/src/Illuminate/Foundation/ProviderRepository.php(75): Illuminate\\Foundation\\Application->register()
#10 /home/hari/Documents/project/laravel/khi_hakizen/vendor/laravel/framework/src/Illuminate/Foundation/Application.php(845): Illuminate\\Foundation\\ProviderRepository->load()
#11 /home/hari/Documents/project/laravel/khi_hakizen/vendor/laravel/framework/src/Illuminate/Foundation/Bootstrap/RegisterProviders.php(37): Illuminate\\Foundation\\Application->registerConfiguredProviders()
#12 /home/hari/Documents/project/laravel/khi_hakizen/vendor/laravel/framework/src/Illuminate/Foundation/Application.php(316): Illuminate\\Foundation\\Bootstrap\\RegisterProviders->bootstrap()
#13 /home/hari/Documents/project/laravel/khi_hakizen/vendor/laravel/framework/src/Illuminate/Foundation/Console/Kernel.php(474): Illuminate\\Foundation\\Application->bootstrapWith()
#14 /home/hari/Documents/project/laravel/khi_hakizen/vendor/laravel/framework/src/Illuminate/Foundation/Console/Kernel.php(196): Illuminate\\Foundation\\Console\\Kernel->bootstrap()
#15 /home/hari/Documents/project/laravel/khi_hakizen/artisan(35): Illuminate\\Foundation\\Console\\Kernel->handle()
#16 {main}
"} 
[2025-04-24 07:58:25] local.ERROR: Target class [livewire] does not exist. {"exception":"[object] (Illuminate\\Contracts\\Container\\BindingResolutionException(code: 0): Target class [livewire] does not exist. at /home/hari/Documents/project/laravel/khi_hakizen/vendor/laravel/framework/src/Illuminate/Container/Container.php:946)
[stacktrace]
#0 /home/hari/Documents/project/laravel/khi_hakizen/vendor/laravel/framework/src/Illuminate/Container/Container.php(819): Illuminate\\Container\\Container->build()
#1 /home/hari/Documents/project/laravel/khi_hakizen/vendor/laravel/framework/src/Illuminate/Foundation/Application.php(1048): Illuminate\\Container\\Container->resolve()
#2 /home/hari/Documents/project/laravel/khi_hakizen/vendor/laravel/framework/src/Illuminate/Container/Container.php(755): Illuminate\\Foundation\\Application->resolve()
#3 /home/hari/Documents/project/laravel/khi_hakizen/vendor/laravel/framework/src/Illuminate/Foundation/Application.php(1030): Illuminate\\Container\\Container->make()
#4 /home/hari/Documents/project/laravel/khi_hakizen/vendor/laravel/framework/src/Illuminate/Foundation/helpers.php(124): Illuminate\\Foundation\\Application->make()
#5 /home/hari/Documents/project/laravel/khi_hakizen/vendor/livewire/livewire/src/LivewireServiceProvider.php(29): app()
#6 /home/hari/Documents/project/laravel/khi_hakizen/vendor/livewire/livewire/src/LivewireServiceProvider.php(11): Livewire\\LivewireServiceProvider->registerLivewireSingleton()
#7 /home/hari/Documents/project/laravel/khi_hakizen/vendor/laravel/framework/src/Illuminate/Foundation/Application.php(870): Livewire\\LivewireServiceProvider->register()
#8 /home/hari/Documents/project/laravel/khi_hakizen/vendor/laravel/framework/src/Illuminate/Foundation/ProviderRepository.php(75): Illuminate\\Foundation\\Application->register()
#9 /home/hari/Documents/project/laravel/khi_hakizen/vendor/laravel/framework/src/Illuminate/Foundation/Application.php(845): Illuminate\\Foundation\\ProviderRepository->load()
#10 /home/hari/Documents/project/laravel/khi_hakizen/vendor/laravel/framework/src/Illuminate/Foundation/Bootstrap/RegisterProviders.php(37): Illuminate\\Foundation\\Application->registerConfiguredProviders()
#11 /home/hari/Documents/project/laravel/khi_hakizen/vendor/laravel/framework/src/Illuminate/Foundation/Application.php(316): Illuminate\\Foundation\\Bootstrap\\RegisterProviders->bootstrap()
#12 /home/hari/Documents/project/laravel/khi_hakizen/vendor/laravel/framework/src/Illuminate/Foundation/Console/Kernel.php(474): Illuminate\\Foundation\\Application->bootstrapWith()
#13 /home/hari/Documents/project/laravel/khi_hakizen/vendor/laravel/framework/src/Illuminate/Foundation/Console/Kernel.php(196): Illuminate\\Foundation\\Console\\Kernel->bootstrap()
#14 Command line code(1): Illuminate\\Foundation\\Console\\Kernel->handle()
#15 {main}

[previous exception] [object] (ReflectionException(code: -1): Class \"livewire\" does not exist at /home/hari/Documents/project/laravel/khi_hakizen/vendor/laravel/framework/src/Illuminate/Container/Container.php:944)
[stacktrace]
#0 /home/hari/Documents/project/laravel/khi_hakizen/vendor/laravel/framework/src/Illuminate/Container/Container.php(944): ReflectionClass->__construct()
#1 /home/hari/Documents/project/laravel/khi_hakizen/vendor/laravel/framework/src/Illuminate/Container/Container.php(819): Illuminate\\Container\\Container->build()
#2 /home/hari/Documents/project/laravel/khi_hakizen/vendor/laravel/framework/src/Illuminate/Foundation/Application.php(1048): Illuminate\\Container\\Container->resolve()
#3 /home/hari/Documents/project/laravel/khi_hakizen/vendor/laravel/framework/src/Illuminate/Container/Container.php(755): Illuminate\\Foundation\\Application->resolve()
#4 /home/hari/Documents/project/laravel/khi_hakizen/vendor/laravel/framework/src/Illuminate/Foundation/Application.php(1030): Illuminate\\Container\\Container->make()
#5 /home/hari/Documents/project/laravel/khi_hakizen/vendor/laravel/framework/src/Illuminate/Foundation/helpers.php(124): Illuminate\\Foundation\\Application->make()
#6 /home/hari/Documents/project/laravel/khi_hakizen/vendor/livewire/livewire/src/LivewireServiceProvider.php(29): app()
#7 /home/hari/Documents/project/laravel/khi_hakizen/vendor/livewire/livewire/src/LivewireServiceProvider.php(11): Livewire\\LivewireServiceProvider->registerLivewireSingleton()
#8 /home/hari/Documents/project/laravel/khi_hakizen/vendor/laravel/framework/src/Illuminate/Foundation/Application.php(870): Livewire\\LivewireServiceProvider->register()
#9 /home/hari/Documents/project/laravel/khi_hakizen/vendor/laravel/framework/src/Illuminate/Foundation/ProviderRepository.php(75): Illuminate\\Foundation\\Application->register()
#10 /home/hari/Documents/project/laravel/khi_hakizen/vendor/laravel/framework/src/Illuminate/Foundation/Application.php(845): Illuminate\\Foundation\\ProviderRepository->load()
#11 /home/hari/Documents/project/laravel/khi_hakizen/vendor/laravel/framework/src/Illuminate/Foundation/Bootstrap/RegisterProviders.php(37): Illuminate\\Foundation\\Application->registerConfiguredProviders()
#12 /home/hari/Documents/project/laravel/khi_hakizen/vendor/laravel/framework/src/Illuminate/Foundation/Application.php(316): Illuminate\\Foundation\\Bootstrap\\RegisterProviders->bootstrap()
#13 /home/hari/Documents/project/laravel/khi_hakizen/vendor/laravel/framework/src/Illuminate/Foundation/Console/Kernel.php(474): Illuminate\\Foundation\\Application->bootstrapWith()
#14 /home/hari/Documents/project/laravel/khi_hakizen/vendor/laravel/framework/src/Illuminate/Foundation/Console/Kernel.php(196): Illuminate\\Foundation\\Console\\Kernel->bootstrap()
#15 Command line code(1): Illuminate\\Foundation\\Console\\Kernel->handle()
#16 {main}
"} 
[2025-04-24 07:58:25] local.ERROR: Target class [livewire] does not exist. {"exception":"[object] (Illuminate\\Contracts\\Container\\BindingResolutionException(code: 0): Target class [livewire] does not exist. at /home/hari/Documents/project/laravel/khi_hakizen/vendor/laravel/framework/src/Illuminate/Container/Container.php:946)
[stacktrace]
#0 /home/hari/Documents/project/laravel/khi_hakizen/vendor/laravel/framework/src/Illuminate/Container/Container.php(819): Illuminate\\Container\\Container->build()
#1 /home/hari/Documents/project/laravel/khi_hakizen/vendor/laravel/framework/src/Illuminate/Foundation/Application.php(1048): Illuminate\\Container\\Container->resolve()
#2 /home/hari/Documents/project/laravel/khi_hakizen/vendor/laravel/framework/src/Illuminate/Container/Container.php(755): Illuminate\\Foundation\\Application->resolve()
#3 /home/hari/Documents/project/laravel/khi_hakizen/vendor/laravel/framework/src/Illuminate/Foundation/Application.php(1030): Illuminate\\Container\\Container->make()
#4 /home/hari/Documents/project/laravel/khi_hakizen/vendor/laravel/framework/src/Illuminate/Foundation/helpers.php(124): Illuminate\\Foundation\\Application->make()
#5 /home/hari/Documents/project/laravel/khi_hakizen/vendor/livewire/livewire/src/LivewireServiceProvider.php(29): app()
#6 /home/hari/Documents/project/laravel/khi_hakizen/vendor/livewire/livewire/src/LivewireServiceProvider.php(11): Livewire\\LivewireServiceProvider->registerLivewireSingleton()
#7 /home/hari/Documents/project/laravel/khi_hakizen/vendor/laravel/framework/src/Illuminate/Foundation/Application.php(870): Livewire\\LivewireServiceProvider->register()
#8 /home/hari/Documents/project/laravel/khi_hakizen/vendor/laravel/framework/src/Illuminate/Foundation/ProviderRepository.php(75): Illuminate\\Foundation\\Application->register()
#9 /home/hari/Documents/project/laravel/khi_hakizen/vendor/laravel/framework/src/Illuminate/Foundation/Application.php(845): Illuminate\\Foundation\\ProviderRepository->load()
#10 /home/hari/Documents/project/laravel/khi_hakizen/vendor/laravel/framework/src/Illuminate/Foundation/Bootstrap/RegisterProviders.php(37): Illuminate\\Foundation\\Application->registerConfiguredProviders()
#11 /home/hari/Documents/project/laravel/khi_hakizen/vendor/laravel/framework/src/Illuminate/Foundation/Application.php(316): Illuminate\\Foundation\\Bootstrap\\RegisterProviders->bootstrap()
#12 /home/hari/Documents/project/laravel/khi_hakizen/vendor/laravel/framework/src/Illuminate/Foundation/Console/Kernel.php(474): Illuminate\\Foundation\\Application->bootstrapWith()
#13 /home/hari/Documents/project/laravel/khi_hakizen/vendor/laravel/framework/src/Illuminate/Foundation/Console/Kernel.php(196): Illuminate\\Foundation\\Console\\Kernel->bootstrap()
#14 Command line code(1): Illuminate\\Foundation\\Console\\Kernel->handle()
#15 {main}

[previous exception] [object] (ReflectionException(code: -1): Class \"livewire\" does not exist at /home/hari/Documents/project/laravel/khi_hakizen/vendor/laravel/framework/src/Illuminate/Container/Container.php:944)
[stacktrace]
#0 /home/hari/Documents/project/laravel/khi_hakizen/vendor/laravel/framework/src/Illuminate/Container/Container.php(944): ReflectionClass->__construct()
#1 /home/hari/Documents/project/laravel/khi_hakizen/vendor/laravel/framework/src/Illuminate/Container/Container.php(819): Illuminate\\Container\\Container->build()
#2 /home/hari/Documents/project/laravel/khi_hakizen/vendor/laravel/framework/src/Illuminate/Foundation/Application.php(1048): Illuminate\\Container\\Container->resolve()
#3 /home/hari/Documents/project/laravel/khi_hakizen/vendor/laravel/framework/src/Illuminate/Container/Container.php(755): Illuminate\\Foundation\\Application->resolve()
#4 /home/hari/Documents/project/laravel/khi_hakizen/vendor/laravel/framework/src/Illuminate/Foundation/Application.php(1030): Illuminate\\Container\\Container->make()
#5 /home/hari/Documents/project/laravel/khi_hakizen/vendor/laravel/framework/src/Illuminate/Foundation/helpers.php(124): Illuminate\\Foundation\\Application->make()
#6 /home/hari/Documents/project/laravel/khi_hakizen/vendor/livewire/livewire/src/LivewireServiceProvider.php(29): app()
#7 /home/hari/Documents/project/laravel/khi_hakizen/vendor/livewire/livewire/src/LivewireServiceProvider.php(11): Livewire\\LivewireServiceProvider->registerLivewireSingleton()
#8 /home/hari/Documents/project/laravel/khi_hakizen/vendor/laravel/framework/src/Illuminate/Foundation/Application.php(870): Livewire\\LivewireServiceProvider->register()
#9 /home/hari/Documents/project/laravel/khi_hakizen/vendor/laravel/framework/src/Illuminate/Foundation/ProviderRepository.php(75): Illuminate\\Foundation\\Application->register()
#10 /home/hari/Documents/project/laravel/khi_hakizen/vendor/laravel/framework/src/Illuminate/Foundation/Application.php(845): Illuminate\\Foundation\\ProviderRepository->load()
#11 /home/hari/Documents/project/laravel/khi_hakizen/vendor/laravel/framework/src/Illuminate/Foundation/Bootstrap/RegisterProviders.php(37): Illuminate\\Foundation\\Application->registerConfiguredProviders()
#12 /home/hari/Documents/project/laravel/khi_hakizen/vendor/laravel/framework/src/Illuminate/Foundation/Application.php(316): Illuminate\\Foundation\\Bootstrap\\RegisterProviders->bootstrap()
#13 /home/hari/Documents/project/laravel/khi_hakizen/vendor/laravel/framework/src/Illuminate/Foundation/Console/Kernel.php(474): Illuminate\\Foundation\\Application->bootstrapWith()
#14 /home/hari/Documents/project/laravel/khi_hakizen/vendor/laravel/framework/src/Illuminate/Foundation/Console/Kernel.php(196): Illuminate\\Foundation\\Console\\Kernel->bootstrap()
#15 Command line code(1): Illuminate\\Foundation\\Console\\Kernel->handle()
#16 {main}
"} 
[2025-04-24 07:59:25] local.ERROR: Target class [livewire] does not exist. {"exception":"[object] (Illuminate\\Contracts\\Container\\BindingResolutionException(code: 0): Target class [livewire] does not exist. at /home/hari/Documents/project/laravel/khi_hakizen/vendor/laravel/framework/src/Illuminate/Container/Container.php:946)
[stacktrace]
#0 /home/hari/Documents/project/laravel/khi_hakizen/vendor/laravel/framework/src/Illuminate/Container/Container.php(819): Illuminate\\Container\\Container->build()
#1 /home/hari/Documents/project/laravel/khi_hakizen/vendor/laravel/framework/src/Illuminate/Foundation/Application.php(1048): Illuminate\\Container\\Container->resolve()
#2 /home/hari/Documents/project/laravel/khi_hakizen/vendor/laravel/framework/src/Illuminate/Container/Container.php(755): Illuminate\\Foundation\\Application->resolve()
#3 /home/hari/Documents/project/laravel/khi_hakizen/vendor/laravel/framework/src/Illuminate/Foundation/Application.php(1030): Illuminate\\Container\\Container->make()
#4 /home/hari/Documents/project/laravel/khi_hakizen/vendor/laravel/framework/src/Illuminate/Foundation/helpers.php(124): Illuminate\\Foundation\\Application->make()
#5 /home/hari/Documents/project/laravel/khi_hakizen/vendor/livewire/livewire/src/LivewireServiceProvider.php(29): app()
#6 /home/hari/Documents/project/laravel/khi_hakizen/vendor/livewire/livewire/src/LivewireServiceProvider.php(11): Livewire\\LivewireServiceProvider->registerLivewireSingleton()
#7 /home/hari/Documents/project/laravel/khi_hakizen/vendor/laravel/framework/src/Illuminate/Foundation/Application.php(870): Livewire\\LivewireServiceProvider->register()
#8 /home/hari/Documents/project/laravel/khi_hakizen/vendor/laravel/framework/src/Illuminate/Foundation/ProviderRepository.php(75): Illuminate\\Foundation\\Application->register()
#9 /home/hari/Documents/project/laravel/khi_hakizen/vendor/laravel/framework/src/Illuminate/Foundation/Application.php(845): Illuminate\\Foundation\\ProviderRepository->load()
#10 /home/hari/Documents/project/laravel/khi_hakizen/vendor/laravel/framework/src/Illuminate/Foundation/Bootstrap/RegisterProviders.php(37): Illuminate\\Foundation\\Application->registerConfiguredProviders()
#11 /home/hari/Documents/project/laravel/khi_hakizen/vendor/laravel/framework/src/Illuminate/Foundation/Application.php(316): Illuminate\\Foundation\\Bootstrap\\RegisterProviders->bootstrap()
#12 /home/hari/Documents/project/laravel/khi_hakizen/vendor/laravel/framework/src/Illuminate/Foundation/Console/Kernel.php(474): Illuminate\\Foundation\\Application->bootstrapWith()
#13 /home/hari/Documents/project/laravel/khi_hakizen/vendor/laravel/framework/src/Illuminate/Foundation/Console/Kernel.php(196): Illuminate\\Foundation\\Console\\Kernel->bootstrap()
#14 Command line code(1): Illuminate\\Foundation\\Console\\Kernel->handle()
#15 {main}

[previous exception] [object] (ReflectionException(code: -1): Class \"livewire\" does not exist at /home/hari/Documents/project/laravel/khi_hakizen/vendor/laravel/framework/src/Illuminate/Container/Container.php:944)
[stacktrace]
#0 /home/hari/Documents/project/laravel/khi_hakizen/vendor/laravel/framework/src/Illuminate/Container/Container.php(944): ReflectionClass->__construct()
#1 /home/hari/Documents/project/laravel/khi_hakizen/vendor/laravel/framework/src/Illuminate/Container/Container.php(819): Illuminate\\Container\\Container->build()
#2 /home/hari/Documents/project/laravel/khi_hakizen/vendor/laravel/framework/src/Illuminate/Foundation/Application.php(1048): Illuminate\\Container\\Container->resolve()
#3 /home/hari/Documents/project/laravel/khi_hakizen/vendor/laravel/framework/src/Illuminate/Container/Container.php(755): Illuminate\\Foundation\\Application->resolve()
#4 /home/hari/Documents/project/laravel/khi_hakizen/vendor/laravel/framework/src/Illuminate/Foundation/Application.php(1030): Illuminate\\Container\\Container->make()
#5 /home/hari/Documents/project/laravel/khi_hakizen/vendor/laravel/framework/src/Illuminate/Foundation/helpers.php(124): Illuminate\\Foundation\\Application->make()
#6 /home/hari/Documents/project/laravel/khi_hakizen/vendor/livewire/livewire/src/LivewireServiceProvider.php(29): app()
#7 /home/hari/Documents/project/laravel/khi_hakizen/vendor/livewire/livewire/src/LivewireServiceProvider.php(11): Livewire\\LivewireServiceProvider->registerLivewireSingleton()
#8 /home/hari/Documents/project/laravel/khi_hakizen/vendor/laravel/framework/src/Illuminate/Foundation/Application.php(870): Livewire\\LivewireServiceProvider->register()
#9 /home/hari/Documents/project/laravel/khi_hakizen/vendor/laravel/framework/src/Illuminate/Foundation/ProviderRepository.php(75): Illuminate\\Foundation\\Application->register()
#10 /home/hari/Documents/project/laravel/khi_hakizen/vendor/laravel/framework/src/Illuminate/Foundation/Application.php(845): Illuminate\\Foundation\\ProviderRepository->load()
#11 /home/hari/Documents/project/laravel/khi_hakizen/vendor/laravel/framework/src/Illuminate/Foundation/Bootstrap/RegisterProviders.php(37): Illuminate\\Foundation\\Application->registerConfiguredProviders()
#12 /home/hari/Documents/project/laravel/khi_hakizen/vendor/laravel/framework/src/Illuminate/Foundation/Application.php(316): Illuminate\\Foundation\\Bootstrap\\RegisterProviders->bootstrap()
#13 /home/hari/Documents/project/laravel/khi_hakizen/vendor/laravel/framework/src/Illuminate/Foundation/Console/Kernel.php(474): Illuminate\\Foundation\\Application->bootstrapWith()
#14 /home/hari/Documents/project/laravel/khi_hakizen/vendor/laravel/framework/src/Illuminate/Foundation/Console/Kernel.php(196): Illuminate\\Foundation\\Console\\Kernel->bootstrap()
#15 Command line code(1): Illuminate\\Foundation\\Console\\Kernel->handle()
#16 {main}
"} 
[2025-04-24 07:59:25] local.ERROR: Target class [livewire] does not exist. {"exception":"[object] (Illuminate\\Contracts\\Container\\BindingResolutionException(code: 0): Target class [livewire] does not exist. at /home/hari/Documents/project/laravel/khi_hakizen/vendor/laravel/framework/src/Illuminate/Container/Container.php:946)
[stacktrace]
#0 /home/hari/Documents/project/laravel/khi_hakizen/vendor/laravel/framework/src/Illuminate/Container/Container.php(819): Illuminate\\Container\\Container->build()
#1 /home/hari/Documents/project/laravel/khi_hakizen/vendor/laravel/framework/src/Illuminate/Foundation/Application.php(1048): Illuminate\\Container\\Container->resolve()
#2 /home/hari/Documents/project/laravel/khi_hakizen/vendor/laravel/framework/src/Illuminate/Container/Container.php(755): Illuminate\\Foundation\\Application->resolve()
#3 /home/hari/Documents/project/laravel/khi_hakizen/vendor/laravel/framework/src/Illuminate/Foundation/Application.php(1030): Illuminate\\Container\\Container->make()
#4 /home/hari/Documents/project/laravel/khi_hakizen/vendor/laravel/framework/src/Illuminate/Foundation/helpers.php(124): Illuminate\\Foundation\\Application->make()
#5 /home/hari/Documents/project/laravel/khi_hakizen/vendor/livewire/livewire/src/LivewireServiceProvider.php(29): app()
#6 /home/hari/Documents/project/laravel/khi_hakizen/vendor/livewire/livewire/src/LivewireServiceProvider.php(11): Livewire\\LivewireServiceProvider->registerLivewireSingleton()
#7 /home/hari/Documents/project/laravel/khi_hakizen/vendor/laravel/framework/src/Illuminate/Foundation/Application.php(870): Livewire\\LivewireServiceProvider->register()
#8 /home/hari/Documents/project/laravel/khi_hakizen/vendor/laravel/framework/src/Illuminate/Foundation/ProviderRepository.php(75): Illuminate\\Foundation\\Application->register()
#9 /home/hari/Documents/project/laravel/khi_hakizen/vendor/laravel/framework/src/Illuminate/Foundation/Application.php(845): Illuminate\\Foundation\\ProviderRepository->load()
#10 /home/hari/Documents/project/laravel/khi_hakizen/vendor/laravel/framework/src/Illuminate/Foundation/Bootstrap/RegisterProviders.php(37): Illuminate\\Foundation\\Application->registerConfiguredProviders()
#11 /home/hari/Documents/project/laravel/khi_hakizen/vendor/laravel/framework/src/Illuminate/Foundation/Application.php(316): Illuminate\\Foundation\\Bootstrap\\RegisterProviders->bootstrap()
#12 /home/hari/Documents/project/laravel/khi_hakizen/vendor/laravel/framework/src/Illuminate/Foundation/Console/Kernel.php(474): Illuminate\\Foundation\\Application->bootstrapWith()
#13 /home/hari/Documents/project/laravel/khi_hakizen/vendor/laravel/framework/src/Illuminate/Foundation/Console/Kernel.php(196): Illuminate\\Foundation\\Console\\Kernel->bootstrap()
#14 Command line code(1): Illuminate\\Foundation\\Console\\Kernel->handle()
#15 {main}

[previous exception] [object] (ReflectionException(code: -1): Class \"livewire\" does not exist at /home/hari/Documents/project/laravel/khi_hakizen/vendor/laravel/framework/src/Illuminate/Container/Container.php:944)
[stacktrace]
#0 /home/hari/Documents/project/laravel/khi_hakizen/vendor/laravel/framework/src/Illuminate/Container/Container.php(944): ReflectionClass->__construct()
#1 /home/hari/Documents/project/laravel/khi_hakizen/vendor/laravel/framework/src/Illuminate/Container/Container.php(819): Illuminate\\Container\\Container->build()
#2 /home/hari/Documents/project/laravel/khi_hakizen/vendor/laravel/framework/src/Illuminate/Foundation/Application.php(1048): Illuminate\\Container\\Container->resolve()
#3 /home/hari/Documents/project/laravel/khi_hakizen/vendor/laravel/framework/src/Illuminate/Container/Container.php(755): Illuminate\\Foundation\\Application->resolve()
#4 /home/hari/Documents/project/laravel/khi_hakizen/vendor/laravel/framework/src/Illuminate/Foundation/Application.php(1030): Illuminate\\Container\\Container->make()
#5 /home/hari/Documents/project/laravel/khi_hakizen/vendor/laravel/framework/src/Illuminate/Foundation/helpers.php(124): Illuminate\\Foundation\\Application->make()
#6 /home/hari/Documents/project/laravel/khi_hakizen/vendor/livewire/livewire/src/LivewireServiceProvider.php(29): app()
#7 /home/hari/Documents/project/laravel/khi_hakizen/vendor/livewire/livewire/src/LivewireServiceProvider.php(11): Livewire\\LivewireServiceProvider->registerLivewireSingleton()
#8 /home/hari/Documents/project/laravel/khi_hakizen/vendor/laravel/framework/src/Illuminate/Foundation/Application.php(870): Livewire\\LivewireServiceProvider->register()
#9 /home/hari/Documents/project/laravel/khi_hakizen/vendor/laravel/framework/src/Illuminate/Foundation/ProviderRepository.php(75): Illuminate\\Foundation\\Application->register()
#10 /home/hari/Documents/project/laravel/khi_hakizen/vendor/laravel/framework/src/Illuminate/Foundation/Application.php(845): Illuminate\\Foundation\\ProviderRepository->load()
#11 /home/hari/Documents/project/laravel/khi_hakizen/vendor/laravel/framework/src/Illuminate/Foundation/Bootstrap/RegisterProviders.php(37): Illuminate\\Foundation\\Application->registerConfiguredProviders()
#12 /home/hari/Documents/project/laravel/khi_hakizen/vendor/laravel/framework/src/Illuminate/Foundation/Application.php(316): Illuminate\\Foundation\\Bootstrap\\RegisterProviders->bootstrap()
#13 /home/hari/Documents/project/laravel/khi_hakizen/vendor/laravel/framework/src/Illuminate/Foundation/Console/Kernel.php(474): Illuminate\\Foundation\\Application->bootstrapWith()
#14 /home/hari/Documents/project/laravel/khi_hakizen/vendor/laravel/framework/src/Illuminate/Foundation/Console/Kernel.php(196): Illuminate\\Foundation\\Console\\Kernel->bootstrap()
#15 Command line code(1): Illuminate\\Foundation\\Console\\Kernel->handle()
#16 {main}
"} 
[2025-04-24 08:00:25] local.ERROR: Target class [livewire] does not exist. {"exception":"[object] (Illuminate\\Contracts\\Container\\BindingResolutionException(code: 0): Target class [livewire] does not exist. at /home/hari/Documents/project/laravel/khi_hakizen/vendor/laravel/framework/src/Illuminate/Container/Container.php:946)
[stacktrace]
#0 /home/hari/Documents/project/laravel/khi_hakizen/vendor/laravel/framework/src/Illuminate/Container/Container.php(819): Illuminate\\Container\\Container->build()
#1 /home/hari/Documents/project/laravel/khi_hakizen/vendor/laravel/framework/src/Illuminate/Foundation/Application.php(1048): Illuminate\\Container\\Container->resolve()
#2 /home/hari/Documents/project/laravel/khi_hakizen/vendor/laravel/framework/src/Illuminate/Container/Container.php(755): Illuminate\\Foundation\\Application->resolve()
#3 /home/hari/Documents/project/laravel/khi_hakizen/vendor/laravel/framework/src/Illuminate/Foundation/Application.php(1030): Illuminate\\Container\\Container->make()
#4 /home/hari/Documents/project/laravel/khi_hakizen/vendor/laravel/framework/src/Illuminate/Foundation/helpers.php(124): Illuminate\\Foundation\\Application->make()
#5 /home/hari/Documents/project/laravel/khi_hakizen/vendor/livewire/livewire/src/LivewireServiceProvider.php(29): app()
#6 /home/hari/Documents/project/laravel/khi_hakizen/vendor/livewire/livewire/src/LivewireServiceProvider.php(11): Livewire\\LivewireServiceProvider->registerLivewireSingleton()
#7 /home/hari/Documents/project/laravel/khi_hakizen/vendor/laravel/framework/src/Illuminate/Foundation/Application.php(870): Livewire\\LivewireServiceProvider->register()
#8 /home/hari/Documents/project/laravel/khi_hakizen/vendor/laravel/framework/src/Illuminate/Foundation/ProviderRepository.php(75): Illuminate\\Foundation\\Application->register()
#9 /home/hari/Documents/project/laravel/khi_hakizen/vendor/laravel/framework/src/Illuminate/Foundation/Application.php(845): Illuminate\\Foundation\\ProviderRepository->load()
#10 /home/hari/Documents/project/laravel/khi_hakizen/vendor/laravel/framework/src/Illuminate/Foundation/Bootstrap/RegisterProviders.php(37): Illuminate\\Foundation\\Application->registerConfiguredProviders()
#11 /home/hari/Documents/project/laravel/khi_hakizen/vendor/laravel/framework/src/Illuminate/Foundation/Application.php(316): Illuminate\\Foundation\\Bootstrap\\RegisterProviders->bootstrap()
#12 /home/hari/Documents/project/laravel/khi_hakizen/vendor/laravel/framework/src/Illuminate/Foundation/Console/Kernel.php(474): Illuminate\\Foundation\\Application->bootstrapWith()
#13 /home/hari/Documents/project/laravel/khi_hakizen/vendor/laravel/framework/src/Illuminate/Foundation/Console/Kernel.php(196): Illuminate\\Foundation\\Console\\Kernel->bootstrap()
#14 Command line code(1): Illuminate\\Foundation\\Console\\Kernel->handle()
#15 {main}

[previous exception] [object] (ReflectionException(code: -1): Class \"livewire\" does not exist at /home/hari/Documents/project/laravel/khi_hakizen/vendor/laravel/framework/src/Illuminate/Container/Container.php:944)
[stacktrace]
#0 /home/hari/Documents/project/laravel/khi_hakizen/vendor/laravel/framework/src/Illuminate/Container/Container.php(944): ReflectionClass->__construct()
#1 /home/hari/Documents/project/laravel/khi_hakizen/vendor/laravel/framework/src/Illuminate/Container/Container.php(819): Illuminate\\Container\\Container->build()
#2 /home/hari/Documents/project/laravel/khi_hakizen/vendor/laravel/framework/src/Illuminate/Foundation/Application.php(1048): Illuminate\\Container\\Container->resolve()
#3 /home/hari/Documents/project/laravel/khi_hakizen/vendor/laravel/framework/src/Illuminate/Container/Container.php(755): Illuminate\\Foundation\\Application->resolve()
#4 /home/hari/Documents/project/laravel/khi_hakizen/vendor/laravel/framework/src/Illuminate/Foundation/Application.php(1030): Illuminate\\Container\\Container->make()
#5 /home/hari/Documents/project/laravel/khi_hakizen/vendor/laravel/framework/src/Illuminate/Foundation/helpers.php(124): Illuminate\\Foundation\\Application->make()
#6 /home/hari/Documents/project/laravel/khi_hakizen/vendor/livewire/livewire/src/LivewireServiceProvider.php(29): app()
#7 /home/hari/Documents/project/laravel/khi_hakizen/vendor/livewire/livewire/src/LivewireServiceProvider.php(11): Livewire\\LivewireServiceProvider->registerLivewireSingleton()
#8 /home/hari/Documents/project/laravel/khi_hakizen/vendor/laravel/framework/src/Illuminate/Foundation/Application.php(870): Livewire\\LivewireServiceProvider->register()
#9 /home/hari/Documents/project/laravel/khi_hakizen/vendor/laravel/framework/src/Illuminate/Foundation/ProviderRepository.php(75): Illuminate\\Foundation\\Application->register()
#10 /home/hari/Documents/project/laravel/khi_hakizen/vendor/laravel/framework/src/Illuminate/Foundation/Application.php(845): Illuminate\\Foundation\\ProviderRepository->load()
#11 /home/hari/Documents/project/laravel/khi_hakizen/vendor/laravel/framework/src/Illuminate/Foundation/Bootstrap/RegisterProviders.php(37): Illuminate\\Foundation\\Application->registerConfiguredProviders()
#12 /home/hari/Documents/project/laravel/khi_hakizen/vendor/laravel/framework/src/Illuminate/Foundation/Application.php(316): Illuminate\\Foundation\\Bootstrap\\RegisterProviders->bootstrap()
#13 /home/hari/Documents/project/laravel/khi_hakizen/vendor/laravel/framework/src/Illuminate/Foundation/Console/Kernel.php(474): Illuminate\\Foundation\\Application->bootstrapWith()
#14 /home/hari/Documents/project/laravel/khi_hakizen/vendor/laravel/framework/src/Illuminate/Foundation/Console/Kernel.php(196): Illuminate\\Foundation\\Console\\Kernel->bootstrap()
#15 Command line code(1): Illuminate\\Foundation\\Console\\Kernel->handle()
#16 {main}
"} 
[2025-04-24 08:00:25] local.ERROR: Target class [livewire] does not exist. {"exception":"[object] (Illuminate\\Contracts\\Container\\BindingResolutionException(code: 0): Target class [livewire] does not exist. at /home/hari/Documents/project/laravel/khi_hakizen/vendor/laravel/framework/src/Illuminate/Container/Container.php:946)
[stacktrace]
#0 /home/hari/Documents/project/laravel/khi_hakizen/vendor/laravel/framework/src/Illuminate/Container/Container.php(819): Illuminate\\Container\\Container->build()
#1 /home/hari/Documents/project/laravel/khi_hakizen/vendor/laravel/framework/src/Illuminate/Foundation/Application.php(1048): Illuminate\\Container\\Container->resolve()
#2 /home/hari/Documents/project/laravel/khi_hakizen/vendor/laravel/framework/src/Illuminate/Container/Container.php(755): Illuminate\\Foundation\\Application->resolve()
#3 /home/hari/Documents/project/laravel/khi_hakizen/vendor/laravel/framework/src/Illuminate/Foundation/Application.php(1030): Illuminate\\Container\\Container->make()
#4 /home/hari/Documents/project/laravel/khi_hakizen/vendor/laravel/framework/src/Illuminate/Foundation/helpers.php(124): Illuminate\\Foundation\\Application->make()
#5 /home/hari/Documents/project/laravel/khi_hakizen/vendor/livewire/livewire/src/LivewireServiceProvider.php(29): app()
#6 /home/hari/Documents/project/laravel/khi_hakizen/vendor/livewire/livewire/src/LivewireServiceProvider.php(11): Livewire\\LivewireServiceProvider->registerLivewireSingleton()
#7 /home/hari/Documents/project/laravel/khi_hakizen/vendor/laravel/framework/src/Illuminate/Foundation/Application.php(870): Livewire\\LivewireServiceProvider->register()
#8 /home/hari/Documents/project/laravel/khi_hakizen/vendor/laravel/framework/src/Illuminate/Foundation/ProviderRepository.php(75): Illuminate\\Foundation\\Application->register()
#9 /home/hari/Documents/project/laravel/khi_hakizen/vendor/laravel/framework/src/Illuminate/Foundation/Application.php(845): Illuminate\\Foundation\\ProviderRepository->load()
#10 /home/hari/Documents/project/laravel/khi_hakizen/vendor/laravel/framework/src/Illuminate/Foundation/Bootstrap/RegisterProviders.php(37): Illuminate\\Foundation\\Application->registerConfiguredProviders()
#11 /home/hari/Documents/project/laravel/khi_hakizen/vendor/laravel/framework/src/Illuminate/Foundation/Application.php(316): Illuminate\\Foundation\\Bootstrap\\RegisterProviders->bootstrap()
#12 /home/hari/Documents/project/laravel/khi_hakizen/vendor/laravel/framework/src/Illuminate/Foundation/Console/Kernel.php(474): Illuminate\\Foundation\\Application->bootstrapWith()
#13 /home/hari/Documents/project/laravel/khi_hakizen/vendor/laravel/framework/src/Illuminate/Foundation/Console/Kernel.php(196): Illuminate\\Foundation\\Console\\Kernel->bootstrap()
#14 Command line code(1): Illuminate\\Foundation\\Console\\Kernel->handle()
#15 {main}

[previous exception] [object] (ReflectionException(code: -1): Class \"livewire\" does not exist at /home/hari/Documents/project/laravel/khi_hakizen/vendor/laravel/framework/src/Illuminate/Container/Container.php:944)
[stacktrace]
#0 /home/hari/Documents/project/laravel/khi_hakizen/vendor/laravel/framework/src/Illuminate/Container/Container.php(944): ReflectionClass->__construct()
#1 /home/hari/Documents/project/laravel/khi_hakizen/vendor/laravel/framework/src/Illuminate/Container/Container.php(819): Illuminate\\Container\\Container->build()
#2 /home/hari/Documents/project/laravel/khi_hakizen/vendor/laravel/framework/src/Illuminate/Foundation/Application.php(1048): Illuminate\\Container\\Container->resolve()
#3 /home/hari/Documents/project/laravel/khi_hakizen/vendor/laravel/framework/src/Illuminate/Container/Container.php(755): Illuminate\\Foundation\\Application->resolve()
#4 /home/hari/Documents/project/laravel/khi_hakizen/vendor/laravel/framework/src/Illuminate/Foundation/Application.php(1030): Illuminate\\Container\\Container->make()
#5 /home/hari/Documents/project/laravel/khi_hakizen/vendor/laravel/framework/src/Illuminate/Foundation/helpers.php(124): Illuminate\\Foundation\\Application->make()
#6 /home/hari/Documents/project/laravel/khi_hakizen/vendor/livewire/livewire/src/LivewireServiceProvider.php(29): app()
#7 /home/hari/Documents/project/laravel/khi_hakizen/vendor/livewire/livewire/src/LivewireServiceProvider.php(11): Livewire\\LivewireServiceProvider->registerLivewireSingleton()
#8 /home/hari/Documents/project/laravel/khi_hakizen/vendor/laravel/framework/src/Illuminate/Foundation/Application.php(870): Livewire\\LivewireServiceProvider->register()
#9 /home/hari/Documents/project/laravel/khi_hakizen/vendor/laravel/framework/src/Illuminate/Foundation/ProviderRepository.php(75): Illuminate\\Foundation\\Application->register()
#10 /home/hari/Documents/project/laravel/khi_hakizen/vendor/laravel/framework/src/Illuminate/Foundation/Application.php(845): Illuminate\\Foundation\\ProviderRepository->load()
#11 /home/hari/Documents/project/laravel/khi_hakizen/vendor/laravel/framework/src/Illuminate/Foundation/Bootstrap/RegisterProviders.php(37): Illuminate\\Foundation\\Application->registerConfiguredProviders()
#12 /home/hari/Documents/project/laravel/khi_hakizen/vendor/laravel/framework/src/Illuminate/Foundation/Application.php(316): Illuminate\\Foundation\\Bootstrap\\RegisterProviders->bootstrap()
#13 /home/hari/Documents/project/laravel/khi_hakizen/vendor/laravel/framework/src/Illuminate/Foundation/Console/Kernel.php(474): Illuminate\\Foundation\\Application->bootstrapWith()
#14 /home/hari/Documents/project/laravel/khi_hakizen/vendor/laravel/framework/src/Illuminate/Foundation/Console/Kernel.php(196): Illuminate\\Foundation\\Console\\Kernel->bootstrap()
#15 Command line code(1): Illuminate\\Foundation\\Console\\Kernel->handle()
#16 {main}
"} 
[2025-04-24 08:00:35] local.ERROR: Target class [livewire] does not exist. {"exception":"[object] (Illuminate\\Contracts\\Container\\BindingResolutionException(code: 0): Target class [livewire] does not exist. at /home/hari/Documents/project/laravel/khi_hakizen/vendor/laravel/framework/src/Illuminate/Container/Container.php:946)
[stacktrace]
#0 /home/hari/Documents/project/laravel/khi_hakizen/vendor/laravel/framework/src/Illuminate/Container/Container.php(819): Illuminate\\Container\\Container->build()
#1 /home/hari/Documents/project/laravel/khi_hakizen/vendor/laravel/framework/src/Illuminate/Foundation/Application.php(1048): Illuminate\\Container\\Container->resolve()
#2 /home/hari/Documents/project/laravel/khi_hakizen/vendor/laravel/framework/src/Illuminate/Container/Container.php(755): Illuminate\\Foundation\\Application->resolve()
#3 /home/hari/Documents/project/laravel/khi_hakizen/vendor/laravel/framework/src/Illuminate/Foundation/Application.php(1030): Illuminate\\Container\\Container->make()
#4 /home/hari/Documents/project/laravel/khi_hakizen/vendor/laravel/framework/src/Illuminate/Foundation/helpers.php(124): Illuminate\\Foundation\\Application->make()
#5 /home/hari/Documents/project/laravel/khi_hakizen/vendor/livewire/livewire/src/LivewireServiceProvider.php(29): app()
#6 /home/hari/Documents/project/laravel/khi_hakizen/vendor/livewire/livewire/src/LivewireServiceProvider.php(11): Livewire\\LivewireServiceProvider->registerLivewireSingleton()
#7 /home/hari/Documents/project/laravel/khi_hakizen/vendor/laravel/framework/src/Illuminate/Foundation/Application.php(870): Livewire\\LivewireServiceProvider->register()
#8 /home/hari/Documents/project/laravel/khi_hakizen/vendor/laravel/framework/src/Illuminate/Foundation/ProviderRepository.php(75): Illuminate\\Foundation\\Application->register()
#9 /home/hari/Documents/project/laravel/khi_hakizen/vendor/laravel/framework/src/Illuminate/Foundation/Application.php(845): Illuminate\\Foundation\\ProviderRepository->load()
#10 /home/hari/Documents/project/laravel/khi_hakizen/vendor/laravel/framework/src/Illuminate/Foundation/Bootstrap/RegisterProviders.php(37): Illuminate\\Foundation\\Application->registerConfiguredProviders()
#11 /home/hari/Documents/project/laravel/khi_hakizen/vendor/laravel/framework/src/Illuminate/Foundation/Application.php(316): Illuminate\\Foundation\\Bootstrap\\RegisterProviders->bootstrap()
#12 /home/hari/Documents/project/laravel/khi_hakizen/vendor/laravel/framework/src/Illuminate/Foundation/Console/Kernel.php(474): Illuminate\\Foundation\\Application->bootstrapWith()
#13 /home/hari/Documents/project/laravel/khi_hakizen/vendor/laravel/framework/src/Illuminate/Foundation/Console/Kernel.php(196): Illuminate\\Foundation\\Console\\Kernel->bootstrap()
#14 /home/hari/Documents/project/laravel/khi_hakizen/artisan(35): Illuminate\\Foundation\\Console\\Kernel->handle()
#15 {main}

[previous exception] [object] (ReflectionException(code: -1): Class \"livewire\" does not exist at /home/hari/Documents/project/laravel/khi_hakizen/vendor/laravel/framework/src/Illuminate/Container/Container.php:944)
[stacktrace]
#0 /home/hari/Documents/project/laravel/khi_hakizen/vendor/laravel/framework/src/Illuminate/Container/Container.php(944): ReflectionClass->__construct()
#1 /home/hari/Documents/project/laravel/khi_hakizen/vendor/laravel/framework/src/Illuminate/Container/Container.php(819): Illuminate\\Container\\Container->build()
#2 /home/hari/Documents/project/laravel/khi_hakizen/vendor/laravel/framework/src/Illuminate/Foundation/Application.php(1048): Illuminate\\Container\\Container->resolve()
#3 /home/hari/Documents/project/laravel/khi_hakizen/vendor/laravel/framework/src/Illuminate/Container/Container.php(755): Illuminate\\Foundation\\Application->resolve()
#4 /home/hari/Documents/project/laravel/khi_hakizen/vendor/laravel/framework/src/Illuminate/Foundation/Application.php(1030): Illuminate\\Container\\Container->make()
#5 /home/hari/Documents/project/laravel/khi_hakizen/vendor/laravel/framework/src/Illuminate/Foundation/helpers.php(124): Illuminate\\Foundation\\Application->make()
#6 /home/hari/Documents/project/laravel/khi_hakizen/vendor/livewire/livewire/src/LivewireServiceProvider.php(29): app()
#7 /home/hari/Documents/project/laravel/khi_hakizen/vendor/livewire/livewire/src/LivewireServiceProvider.php(11): Livewire\\LivewireServiceProvider->registerLivewireSingleton()
#8 /home/hari/Documents/project/laravel/khi_hakizen/vendor/laravel/framework/src/Illuminate/Foundation/Application.php(870): Livewire\\LivewireServiceProvider->register()
#9 /home/hari/Documents/project/laravel/khi_hakizen/vendor/laravel/framework/src/Illuminate/Foundation/ProviderRepository.php(75): Illuminate\\Foundation\\Application->register()
#10 /home/hari/Documents/project/laravel/khi_hakizen/vendor/laravel/framework/src/Illuminate/Foundation/Application.php(845): Illuminate\\Foundation\\ProviderRepository->load()
#11 /home/hari/Documents/project/laravel/khi_hakizen/vendor/laravel/framework/src/Illuminate/Foundation/Bootstrap/RegisterProviders.php(37): Illuminate\\Foundation\\Application->registerConfiguredProviders()
#12 /home/hari/Documents/project/laravel/khi_hakizen/vendor/laravel/framework/src/Illuminate/Foundation/Application.php(316): Illuminate\\Foundation\\Bootstrap\\RegisterProviders->bootstrap()
#13 /home/hari/Documents/project/laravel/khi_hakizen/vendor/laravel/framework/src/Illuminate/Foundation/Console/Kernel.php(474): Illuminate\\Foundation\\Application->bootstrapWith()
#14 /home/hari/Documents/project/laravel/khi_hakizen/vendor/laravel/framework/src/Illuminate/Foundation/Console/Kernel.php(196): Illuminate\\Foundation\\Console\\Kernel->bootstrap()
#15 /home/hari/Documents/project/laravel/khi_hakizen/artisan(35): Illuminate\\Foundation\\Console\\Kernel->handle()
#16 {main}
"} 
[2025-04-24 08:00:42] local.ERROR: Target class [livewire] does not exist. {"exception":"[object] (Illuminate\\Contracts\\Container\\BindingResolutionException(code: 0): Target class [livewire] does not exist. at /home/hari/Documents/project/laravel/khi_hakizen/vendor/laravel/framework/src/Illuminate/Container/Container.php:946)
[stacktrace]
#0 /home/hari/Documents/project/laravel/khi_hakizen/vendor/laravel/framework/src/Illuminate/Container/Container.php(819): Illuminate\\Container\\Container->build()
#1 /home/hari/Documents/project/laravel/khi_hakizen/vendor/laravel/framework/src/Illuminate/Foundation/Application.php(1048): Illuminate\\Container\\Container->resolve()
#2 /home/hari/Documents/project/laravel/khi_hakizen/vendor/laravel/framework/src/Illuminate/Container/Container.php(755): Illuminate\\Foundation\\Application->resolve()
#3 /home/hari/Documents/project/laravel/khi_hakizen/vendor/laravel/framework/src/Illuminate/Foundation/Application.php(1030): Illuminate\\Container\\Container->make()
#4 /home/hari/Documents/project/laravel/khi_hakizen/vendor/laravel/framework/src/Illuminate/Foundation/helpers.php(124): Illuminate\\Foundation\\Application->make()
#5 /home/hari/Documents/project/laravel/khi_hakizen/vendor/livewire/livewire/src/LivewireServiceProvider.php(29): app()
#6 /home/hari/Documents/project/laravel/khi_hakizen/vendor/livewire/livewire/src/LivewireServiceProvider.php(11): Livewire\\LivewireServiceProvider->registerLivewireSingleton()
#7 /home/hari/Documents/project/laravel/khi_hakizen/vendor/laravel/framework/src/Illuminate/Foundation/Application.php(870): Livewire\\LivewireServiceProvider->register()
#8 /home/hari/Documents/project/laravel/khi_hakizen/vendor/laravel/framework/src/Illuminate/Foundation/ProviderRepository.php(75): Illuminate\\Foundation\\Application->register()
#9 /home/hari/Documents/project/laravel/khi_hakizen/vendor/laravel/framework/src/Illuminate/Foundation/Application.php(845): Illuminate\\Foundation\\ProviderRepository->load()
#10 /home/hari/Documents/project/laravel/khi_hakizen/vendor/laravel/framework/src/Illuminate/Foundation/Bootstrap/RegisterProviders.php(37): Illuminate\\Foundation\\Application->registerConfiguredProviders()
#11 /home/hari/Documents/project/laravel/khi_hakizen/vendor/laravel/framework/src/Illuminate/Foundation/Application.php(316): Illuminate\\Foundation\\Bootstrap\\RegisterProviders->bootstrap()
#12 /home/hari/Documents/project/laravel/khi_hakizen/vendor/laravel/framework/src/Illuminate/Foundation/Console/Kernel.php(474): Illuminate\\Foundation\\Application->bootstrapWith()
#13 /home/hari/Documents/project/laravel/khi_hakizen/vendor/laravel/framework/src/Illuminate/Foundation/Console/Kernel.php(196): Illuminate\\Foundation\\Console\\Kernel->bootstrap()
#14 /home/hari/Documents/project/laravel/khi_hakizen/artisan(35): Illuminate\\Foundation\\Console\\Kernel->handle()
#15 {main}

[previous exception] [object] (ReflectionException(code: -1): Class \"livewire\" does not exist at /home/hari/Documents/project/laravel/khi_hakizen/vendor/laravel/framework/src/Illuminate/Container/Container.php:944)
[stacktrace]
#0 /home/hari/Documents/project/laravel/khi_hakizen/vendor/laravel/framework/src/Illuminate/Container/Container.php(944): ReflectionClass->__construct()
#1 /home/hari/Documents/project/laravel/khi_hakizen/vendor/laravel/framework/src/Illuminate/Container/Container.php(819): Illuminate\\Container\\Container->build()
#2 /home/hari/Documents/project/laravel/khi_hakizen/vendor/laravel/framework/src/Illuminate/Foundation/Application.php(1048): Illuminate\\Container\\Container->resolve()
#3 /home/hari/Documents/project/laravel/khi_hakizen/vendor/laravel/framework/src/Illuminate/Container/Container.php(755): Illuminate\\Foundation\\Application->resolve()
#4 /home/hari/Documents/project/laravel/khi_hakizen/vendor/laravel/framework/src/Illuminate/Foundation/Application.php(1030): Illuminate\\Container\\Container->make()
#5 /home/hari/Documents/project/laravel/khi_hakizen/vendor/laravel/framework/src/Illuminate/Foundation/helpers.php(124): Illuminate\\Foundation\\Application->make()
#6 /home/hari/Documents/project/laravel/khi_hakizen/vendor/livewire/livewire/src/LivewireServiceProvider.php(29): app()
#7 /home/hari/Documents/project/laravel/khi_hakizen/vendor/livewire/livewire/src/LivewireServiceProvider.php(11): Livewire\\LivewireServiceProvider->registerLivewireSingleton()
#8 /home/hari/Documents/project/laravel/khi_hakizen/vendor/laravel/framework/src/Illuminate/Foundation/Application.php(870): Livewire\\LivewireServiceProvider->register()
#9 /home/hari/Documents/project/laravel/khi_hakizen/vendor/laravel/framework/src/Illuminate/Foundation/ProviderRepository.php(75): Illuminate\\Foundation\\Application->register()
#10 /home/hari/Documents/project/laravel/khi_hakizen/vendor/laravel/framework/src/Illuminate/Foundation/Application.php(845): Illuminate\\Foundation\\ProviderRepository->load()
#11 /home/hari/Documents/project/laravel/khi_hakizen/vendor/laravel/framework/src/Illuminate/Foundation/Bootstrap/RegisterProviders.php(37): Illuminate\\Foundation\\Application->registerConfiguredProviders()
#12 /home/hari/Documents/project/laravel/khi_hakizen/vendor/laravel/framework/src/Illuminate/Foundation/Application.php(316): Illuminate\\Foundation\\Bootstrap\\RegisterProviders->bootstrap()
#13 /home/hari/Documents/project/laravel/khi_hakizen/vendor/laravel/framework/src/Illuminate/Foundation/Console/Kernel.php(474): Illuminate\\Foundation\\Application->bootstrapWith()
#14 /home/hari/Documents/project/laravel/khi_hakizen/vendor/laravel/framework/src/Illuminate/Foundation/Console/Kernel.php(196): Illuminate\\Foundation\\Console\\Kernel->bootstrap()
#15 /home/hari/Documents/project/laravel/khi_hakizen/artisan(35): Illuminate\\Foundation\\Console\\Kernel->handle()
#16 {main}
"} 
[2025-04-24 08:00:55] local.ERROR: Target class [livewire] does not exist. {"exception":"[object] (Illuminate\\Contracts\\Container\\BindingResolutionException(code: 0): Target class [livewire] does not exist. at /home/hari/Documents/project/laravel/khi_hakizen/vendor/laravel/framework/src/Illuminate/Container/Container.php:946)
[stacktrace]
#0 /home/hari/Documents/project/laravel/khi_hakizen/vendor/laravel/framework/src/Illuminate/Container/Container.php(819): Illuminate\\Container\\Container->build()
#1 /home/hari/Documents/project/laravel/khi_hakizen/vendor/laravel/framework/src/Illuminate/Foundation/Application.php(1048): Illuminate\\Container\\Container->resolve()
#2 /home/hari/Documents/project/laravel/khi_hakizen/vendor/laravel/framework/src/Illuminate/Container/Container.php(755): Illuminate\\Foundation\\Application->resolve()
#3 /home/hari/Documents/project/laravel/khi_hakizen/vendor/laravel/framework/src/Illuminate/Foundation/Application.php(1030): Illuminate\\Container\\Container->make()
#4 /home/hari/Documents/project/laravel/khi_hakizen/vendor/laravel/framework/src/Illuminate/Foundation/helpers.php(124): Illuminate\\Foundation\\Application->make()
#5 /home/hari/Documents/project/laravel/khi_hakizen/vendor/livewire/livewire/src/LivewireServiceProvider.php(29): app()
#6 /home/hari/Documents/project/laravel/khi_hakizen/vendor/livewire/livewire/src/LivewireServiceProvider.php(11): Livewire\\LivewireServiceProvider->registerLivewireSingleton()
#7 /home/hari/Documents/project/laravel/khi_hakizen/vendor/laravel/framework/src/Illuminate/Foundation/Application.php(870): Livewire\\LivewireServiceProvider->register()
#8 /home/hari/Documents/project/laravel/khi_hakizen/vendor/laravel/framework/src/Illuminate/Foundation/ProviderRepository.php(75): Illuminate\\Foundation\\Application->register()
#9 /home/hari/Documents/project/laravel/khi_hakizen/vendor/laravel/framework/src/Illuminate/Foundation/Application.php(845): Illuminate\\Foundation\\ProviderRepository->load()
#10 /home/hari/Documents/project/laravel/khi_hakizen/vendor/laravel/framework/src/Illuminate/Foundation/Bootstrap/RegisterProviders.php(37): Illuminate\\Foundation\\Application->registerConfiguredProviders()
#11 /home/hari/Documents/project/laravel/khi_hakizen/vendor/laravel/framework/src/Illuminate/Foundation/Application.php(316): Illuminate\\Foundation\\Bootstrap\\RegisterProviders->bootstrap()
#12 /home/hari/Documents/project/laravel/khi_hakizen/vendor/laravel/framework/src/Illuminate/Foundation/Console/Kernel.php(474): Illuminate\\Foundation\\Application->bootstrapWith()
#13 /home/hari/Documents/project/laravel/khi_hakizen/vendor/laravel/framework/src/Illuminate/Foundation/Console/Kernel.php(196): Illuminate\\Foundation\\Console\\Kernel->bootstrap()
#14 /home/hari/Documents/project/laravel/khi_hakizen/artisan(35): Illuminate\\Foundation\\Console\\Kernel->handle()
#15 {main}

[previous exception] [object] (ReflectionException(code: -1): Class \"livewire\" does not exist at /home/hari/Documents/project/laravel/khi_hakizen/vendor/laravel/framework/src/Illuminate/Container/Container.php:944)
[stacktrace]
#0 /home/hari/Documents/project/laravel/khi_hakizen/vendor/laravel/framework/src/Illuminate/Container/Container.php(944): ReflectionClass->__construct()
#1 /home/hari/Documents/project/laravel/khi_hakizen/vendor/laravel/framework/src/Illuminate/Container/Container.php(819): Illuminate\\Container\\Container->build()
#2 /home/hari/Documents/project/laravel/khi_hakizen/vendor/laravel/framework/src/Illuminate/Foundation/Application.php(1048): Illuminate\\Container\\Container->resolve()
#3 /home/hari/Documents/project/laravel/khi_hakizen/vendor/laravel/framework/src/Illuminate/Container/Container.php(755): Illuminate\\Foundation\\Application->resolve()
#4 /home/hari/Documents/project/laravel/khi_hakizen/vendor/laravel/framework/src/Illuminate/Foundation/Application.php(1030): Illuminate\\Container\\Container->make()
#5 /home/hari/Documents/project/laravel/khi_hakizen/vendor/laravel/framework/src/Illuminate/Foundation/helpers.php(124): Illuminate\\Foundation\\Application->make()
#6 /home/hari/Documents/project/laravel/khi_hakizen/vendor/livewire/livewire/src/LivewireServiceProvider.php(29): app()
#7 /home/hari/Documents/project/laravel/khi_hakizen/vendor/livewire/livewire/src/LivewireServiceProvider.php(11): Livewire\\LivewireServiceProvider->registerLivewireSingleton()
#8 /home/hari/Documents/project/laravel/khi_hakizen/vendor/laravel/framework/src/Illuminate/Foundation/Application.php(870): Livewire\\LivewireServiceProvider->register()
#9 /home/hari/Documents/project/laravel/khi_hakizen/vendor/laravel/framework/src/Illuminate/Foundation/ProviderRepository.php(75): Illuminate\\Foundation\\Application->register()
#10 /home/hari/Documents/project/laravel/khi_hakizen/vendor/laravel/framework/src/Illuminate/Foundation/Application.php(845): Illuminate\\Foundation\\ProviderRepository->load()
#11 /home/hari/Documents/project/laravel/khi_hakizen/vendor/laravel/framework/src/Illuminate/Foundation/Bootstrap/RegisterProviders.php(37): Illuminate\\Foundation\\Application->registerConfiguredProviders()
#12 /home/hari/Documents/project/laravel/khi_hakizen/vendor/laravel/framework/src/Illuminate/Foundation/Application.php(316): Illuminate\\Foundation\\Bootstrap\\RegisterProviders->bootstrap()
#13 /home/hari/Documents/project/laravel/khi_hakizen/vendor/laravel/framework/src/Illuminate/Foundation/Console/Kernel.php(474): Illuminate\\Foundation\\Application->bootstrapWith()
#14 /home/hari/Documents/project/laravel/khi_hakizen/vendor/laravel/framework/src/Illuminate/Foundation/Console/Kernel.php(196): Illuminate\\Foundation\\Console\\Kernel->bootstrap()
#15 /home/hari/Documents/project/laravel/khi_hakizen/artisan(35): Illuminate\\Foundation\\Console\\Kernel->handle()
#16 {main}
"} 
[2025-04-24 08:01:01] local.ERROR: Target class [livewire] does not exist. {"exception":"[object] (Illuminate\\Contracts\\Container\\BindingResolutionException(code: 0): Target class [livewire] does not exist. at /home/hari/Documents/project/laravel/khi_hakizen/vendor/laravel/framework/src/Illuminate/Container/Container.php:946)
[stacktrace]
#0 /home/hari/Documents/project/laravel/khi_hakizen/vendor/laravel/framework/src/Illuminate/Container/Container.php(819): Illuminate\\Container\\Container->build()
#1 /home/hari/Documents/project/laravel/khi_hakizen/vendor/laravel/framework/src/Illuminate/Foundation/Application.php(1048): Illuminate\\Container\\Container->resolve()
#2 /home/hari/Documents/project/laravel/khi_hakizen/vendor/laravel/framework/src/Illuminate/Container/Container.php(755): Illuminate\\Foundation\\Application->resolve()
#3 /home/hari/Documents/project/laravel/khi_hakizen/vendor/laravel/framework/src/Illuminate/Foundation/Application.php(1030): Illuminate\\Container\\Container->make()
#4 /home/hari/Documents/project/laravel/khi_hakizen/vendor/laravel/framework/src/Illuminate/Foundation/helpers.php(124): Illuminate\\Foundation\\Application->make()
#5 /home/hari/Documents/project/laravel/khi_hakizen/vendor/livewire/livewire/src/LivewireServiceProvider.php(29): app()
#6 /home/hari/Documents/project/laravel/khi_hakizen/vendor/livewire/livewire/src/LivewireServiceProvider.php(11): Livewire\\LivewireServiceProvider->registerLivewireSingleton()
#7 /home/hari/Documents/project/laravel/khi_hakizen/vendor/laravel/framework/src/Illuminate/Foundation/Application.php(870): Livewire\\LivewireServiceProvider->register()
#8 /home/hari/Documents/project/laravel/khi_hakizen/vendor/laravel/framework/src/Illuminate/Foundation/ProviderRepository.php(75): Illuminate\\Foundation\\Application->register()
#9 /home/hari/Documents/project/laravel/khi_hakizen/vendor/laravel/framework/src/Illuminate/Foundation/Application.php(845): Illuminate\\Foundation\\ProviderRepository->load()
#10 /home/hari/Documents/project/laravel/khi_hakizen/vendor/laravel/framework/src/Illuminate/Foundation/Bootstrap/RegisterProviders.php(37): Illuminate\\Foundation\\Application->registerConfiguredProviders()
#11 /home/hari/Documents/project/laravel/khi_hakizen/vendor/laravel/framework/src/Illuminate/Foundation/Application.php(316): Illuminate\\Foundation\\Bootstrap\\RegisterProviders->bootstrap()
#12 /home/hari/Documents/project/laravel/khi_hakizen/vendor/laravel/framework/src/Illuminate/Foundation/Console/Kernel.php(474): Illuminate\\Foundation\\Application->bootstrapWith()
#13 /home/hari/Documents/project/laravel/khi_hakizen/vendor/laravel/framework/src/Illuminate/Foundation/Console/Kernel.php(196): Illuminate\\Foundation\\Console\\Kernel->bootstrap()
#14 /home/hari/Documents/project/laravel/khi_hakizen/artisan(35): Illuminate\\Foundation\\Console\\Kernel->handle()
#15 {main}

[previous exception] [object] (ReflectionException(code: -1): Class \"livewire\" does not exist at /home/hari/Documents/project/laravel/khi_hakizen/vendor/laravel/framework/src/Illuminate/Container/Container.php:944)
[stacktrace]
#0 /home/hari/Documents/project/laravel/khi_hakizen/vendor/laravel/framework/src/Illuminate/Container/Container.php(944): ReflectionClass->__construct()
#1 /home/hari/Documents/project/laravel/khi_hakizen/vendor/laravel/framework/src/Illuminate/Container/Container.php(819): Illuminate\\Container\\Container->build()
#2 /home/hari/Documents/project/laravel/khi_hakizen/vendor/laravel/framework/src/Illuminate/Foundation/Application.php(1048): Illuminate\\Container\\Container->resolve()
#3 /home/hari/Documents/project/laravel/khi_hakizen/vendor/laravel/framework/src/Illuminate/Container/Container.php(755): Illuminate\\Foundation\\Application->resolve()
#4 /home/hari/Documents/project/laravel/khi_hakizen/vendor/laravel/framework/src/Illuminate/Foundation/Application.php(1030): Illuminate\\Container\\Container->make()
#5 /home/hari/Documents/project/laravel/khi_hakizen/vendor/laravel/framework/src/Illuminate/Foundation/helpers.php(124): Illuminate\\Foundation\\Application->make()
#6 /home/hari/Documents/project/laravel/khi_hakizen/vendor/livewire/livewire/src/LivewireServiceProvider.php(29): app()
#7 /home/hari/Documents/project/laravel/khi_hakizen/vendor/livewire/livewire/src/LivewireServiceProvider.php(11): Livewire\\LivewireServiceProvider->registerLivewireSingleton()
#8 /home/hari/Documents/project/laravel/khi_hakizen/vendor/laravel/framework/src/Illuminate/Foundation/Application.php(870): Livewire\\LivewireServiceProvider->register()
#9 /home/hari/Documents/project/laravel/khi_hakizen/vendor/laravel/framework/src/Illuminate/Foundation/ProviderRepository.php(75): Illuminate\\Foundation\\Application->register()
#10 /home/hari/Documents/project/laravel/khi_hakizen/vendor/laravel/framework/src/Illuminate/Foundation/Application.php(845): Illuminate\\Foundation\\ProviderRepository->load()
#11 /home/hari/Documents/project/laravel/khi_hakizen/vendor/laravel/framework/src/Illuminate/Foundation/Bootstrap/RegisterProviders.php(37): Illuminate\\Foundation\\Application->registerConfiguredProviders()
#12 /home/hari/Documents/project/laravel/khi_hakizen/vendor/laravel/framework/src/Illuminate/Foundation/Application.php(316): Illuminate\\Foundation\\Bootstrap\\RegisterProviders->bootstrap()
#13 /home/hari/Documents/project/laravel/khi_hakizen/vendor/laravel/framework/src/Illuminate/Foundation/Console/Kernel.php(474): Illuminate\\Foundation\\Application->bootstrapWith()
#14 /home/hari/Documents/project/laravel/khi_hakizen/vendor/laravel/framework/src/Illuminate/Foundation/Console/Kernel.php(196): Illuminate\\Foundation\\Console\\Kernel->bootstrap()
#15 /home/hari/Documents/project/laravel/khi_hakizen/artisan(35): Illuminate\\Foundation\\Console\\Kernel->handle()
#16 {main}
"} 
[2025-04-24 08:01:42] local.ERROR: Target class [livewire] does not exist. {"exception":"[object] (Illuminate\\Contracts\\Container\\BindingResolutionException(code: 0): Target class [livewire] does not exist. at /home/hari/Documents/project/laravel/khi_hakizen/vendor/laravel/framework/src/Illuminate/Container/Container.php:946)
[stacktrace]
#0 /home/hari/Documents/project/laravel/khi_hakizen/vendor/laravel/framework/src/Illuminate/Container/Container.php(819): Illuminate\\Container\\Container->build()
#1 /home/hari/Documents/project/laravel/khi_hakizen/vendor/laravel/framework/src/Illuminate/Foundation/Application.php(1048): Illuminate\\Container\\Container->resolve()
#2 /home/hari/Documents/project/laravel/khi_hakizen/vendor/laravel/framework/src/Illuminate/Container/Container.php(755): Illuminate\\Foundation\\Application->resolve()
#3 /home/hari/Documents/project/laravel/khi_hakizen/vendor/laravel/framework/src/Illuminate/Foundation/Application.php(1030): Illuminate\\Container\\Container->make()
#4 /home/hari/Documents/project/laravel/khi_hakizen/vendor/laravel/framework/src/Illuminate/Foundation/helpers.php(124): Illuminate\\Foundation\\Application->make()
#5 /home/hari/Documents/project/laravel/khi_hakizen/vendor/livewire/livewire/src/LivewireServiceProvider.php(29): app()
#6 /home/hari/Documents/project/laravel/khi_hakizen/vendor/livewire/livewire/src/LivewireServiceProvider.php(11): Livewire\\LivewireServiceProvider->registerLivewireSingleton()
#7 /home/hari/Documents/project/laravel/khi_hakizen/vendor/laravel/framework/src/Illuminate/Foundation/Application.php(870): Livewire\\LivewireServiceProvider->register()
#8 /home/hari/Documents/project/laravel/khi_hakizen/vendor/laravel/framework/src/Illuminate/Foundation/ProviderRepository.php(75): Illuminate\\Foundation\\Application->register()
#9 /home/hari/Documents/project/laravel/khi_hakizen/vendor/laravel/framework/src/Illuminate/Foundation/Application.php(845): Illuminate\\Foundation\\ProviderRepository->load()
#10 /home/hari/Documents/project/laravel/khi_hakizen/vendor/laravel/framework/src/Illuminate/Foundation/Bootstrap/RegisterProviders.php(37): Illuminate\\Foundation\\Application->registerConfiguredProviders()
#11 /home/hari/Documents/project/laravel/khi_hakizen/vendor/laravel/framework/src/Illuminate/Foundation/Application.php(316): Illuminate\\Foundation\\Bootstrap\\RegisterProviders->bootstrap()
#12 /home/hari/Documents/project/laravel/khi_hakizen/vendor/laravel/framework/src/Illuminate/Foundation/Console/Kernel.php(474): Illuminate\\Foundation\\Application->bootstrapWith()
#13 /home/hari/Documents/project/laravel/khi_hakizen/vendor/laravel/framework/src/Illuminate/Foundation/Console/Kernel.php(196): Illuminate\\Foundation\\Console\\Kernel->bootstrap()
#14 /home/hari/Documents/project/laravel/khi_hakizen/artisan(35): Illuminate\\Foundation\\Console\\Kernel->handle()
#15 {main}

[previous exception] [object] (ReflectionException(code: -1): Class \"livewire\" does not exist at /home/hari/Documents/project/laravel/khi_hakizen/vendor/laravel/framework/src/Illuminate/Container/Container.php:944)
[stacktrace]
#0 /home/hari/Documents/project/laravel/khi_hakizen/vendor/laravel/framework/src/Illuminate/Container/Container.php(944): ReflectionClass->__construct()
#1 /home/hari/Documents/project/laravel/khi_hakizen/vendor/laravel/framework/src/Illuminate/Container/Container.php(819): Illuminate\\Container\\Container->build()
#2 /home/hari/Documents/project/laravel/khi_hakizen/vendor/laravel/framework/src/Illuminate/Foundation/Application.php(1048): Illuminate\\Container\\Container->resolve()
#3 /home/hari/Documents/project/laravel/khi_hakizen/vendor/laravel/framework/src/Illuminate/Container/Container.php(755): Illuminate\\Foundation\\Application->resolve()
#4 /home/hari/Documents/project/laravel/khi_hakizen/vendor/laravel/framework/src/Illuminate/Foundation/Application.php(1030): Illuminate\\Container\\Container->make()
#5 /home/hari/Documents/project/laravel/khi_hakizen/vendor/laravel/framework/src/Illuminate/Foundation/helpers.php(124): Illuminate\\Foundation\\Application->make()
#6 /home/hari/Documents/project/laravel/khi_hakizen/vendor/livewire/livewire/src/LivewireServiceProvider.php(29): app()
#7 /home/hari/Documents/project/laravel/khi_hakizen/vendor/livewire/livewire/src/LivewireServiceProvider.php(11): Livewire\\LivewireServiceProvider->registerLivewireSingleton()
#8 /home/hari/Documents/project/laravel/khi_hakizen/vendor/laravel/framework/src/Illuminate/Foundation/Application.php(870): Livewire\\LivewireServiceProvider->register()
#9 /home/hari/Documents/project/laravel/khi_hakizen/vendor/laravel/framework/src/Illuminate/Foundation/ProviderRepository.php(75): Illuminate\\Foundation\\Application->register()
#10 /home/hari/Documents/project/laravel/khi_hakizen/vendor/laravel/framework/src/Illuminate/Foundation/Application.php(845): Illuminate\\Foundation\\ProviderRepository->load()
#11 /home/hari/Documents/project/laravel/khi_hakizen/vendor/laravel/framework/src/Illuminate/Foundation/Bootstrap/RegisterProviders.php(37): Illuminate\\Foundation\\Application->registerConfiguredProviders()
#12 /home/hari/Documents/project/laravel/khi_hakizen/vendor/laravel/framework/src/Illuminate/Foundation/Application.php(316): Illuminate\\Foundation\\Bootstrap\\RegisterProviders->bootstrap()
#13 /home/hari/Documents/project/laravel/khi_hakizen/vendor/laravel/framework/src/Illuminate/Foundation/Console/Kernel.php(474): Illuminate\\Foundation\\Application->bootstrapWith()
#14 /home/hari/Documents/project/laravel/khi_hakizen/vendor/laravel/framework/src/Illuminate/Foundation/Console/Kernel.php(196): Illuminate\\Foundation\\Console\\Kernel->bootstrap()
#15 /home/hari/Documents/project/laravel/khi_hakizen/artisan(35): Illuminate\\Foundation\\Console\\Kernel->handle()
#16 {main}
"} 
[2025-04-24 08:03:07] local.ERROR: Target class [livewire] does not exist. {"exception":"[object] (Illuminate\\Contracts\\Container\\BindingResolutionException(code: 0): Target class [livewire] does not exist. at /home/hari/Documents/project/laravel/khi_hakizen/vendor/laravel/framework/src/Illuminate/Container/Container.php:946)
[stacktrace]
#0 /home/hari/Documents/project/laravel/khi_hakizen/vendor/laravel/framework/src/Illuminate/Container/Container.php(819): Illuminate\\Container\\Container->build()
#1 /home/hari/Documents/project/laravel/khi_hakizen/vendor/laravel/framework/src/Illuminate/Foundation/Application.php(1048): Illuminate\\Container\\Container->resolve()
#2 /home/hari/Documents/project/laravel/khi_hakizen/vendor/laravel/framework/src/Illuminate/Container/Container.php(755): Illuminate\\Foundation\\Application->resolve()
#3 /home/hari/Documents/project/laravel/khi_hakizen/vendor/laravel/framework/src/Illuminate/Foundation/Application.php(1030): Illuminate\\Container\\Container->make()
#4 /home/hari/Documents/project/laravel/khi_hakizen/vendor/laravel/framework/src/Illuminate/Foundation/helpers.php(124): Illuminate\\Foundation\\Application->make()
#5 /home/hari/Documents/project/laravel/khi_hakizen/vendor/livewire/livewire/src/LivewireServiceProvider.php(29): app()
#6 /home/hari/Documents/project/laravel/khi_hakizen/vendor/livewire/livewire/src/LivewireServiceProvider.php(11): Livewire\\LivewireServiceProvider->registerLivewireSingleton()
#7 /home/hari/Documents/project/laravel/khi_hakizen/vendor/laravel/framework/src/Illuminate/Foundation/Application.php(870): Livewire\\LivewireServiceProvider->register()
#8 /home/hari/Documents/project/laravel/khi_hakizen/vendor/laravel/framework/src/Illuminate/Foundation/ProviderRepository.php(75): Illuminate\\Foundation\\Application->register()
#9 /home/hari/Documents/project/laravel/khi_hakizen/vendor/laravel/framework/src/Illuminate/Foundation/Application.php(845): Illuminate\\Foundation\\ProviderRepository->load()
#10 /home/hari/Documents/project/laravel/khi_hakizen/vendor/laravel/framework/src/Illuminate/Foundation/Bootstrap/RegisterProviders.php(37): Illuminate\\Foundation\\Application->registerConfiguredProviders()
#11 /home/hari/Documents/project/laravel/khi_hakizen/vendor/laravel/framework/src/Illuminate/Foundation/Application.php(316): Illuminate\\Foundation\\Bootstrap\\RegisterProviders->bootstrap()
#12 /home/hari/Documents/project/laravel/khi_hakizen/vendor/laravel/framework/src/Illuminate/Foundation/Console/Kernel.php(474): Illuminate\\Foundation\\Application->bootstrapWith()
#13 /home/hari/Documents/project/laravel/khi_hakizen/vendor/laravel/framework/src/Illuminate/Foundation/Console/Kernel.php(196): Illuminate\\Foundation\\Console\\Kernel->bootstrap()
#14 /home/hari/Documents/project/laravel/khi_hakizen/artisan(35): Illuminate\\Foundation\\Console\\Kernel->handle()
#15 {main}

[previous exception] [object] (ReflectionException(code: -1): Class \"livewire\" does not exist at /home/hari/Documents/project/laravel/khi_hakizen/vendor/laravel/framework/src/Illuminate/Container/Container.php:944)
[stacktrace]
#0 /home/hari/Documents/project/laravel/khi_hakizen/vendor/laravel/framework/src/Illuminate/Container/Container.php(944): ReflectionClass->__construct()
#1 /home/hari/Documents/project/laravel/khi_hakizen/vendor/laravel/framework/src/Illuminate/Container/Container.php(819): Illuminate\\Container\\Container->build()
#2 /home/hari/Documents/project/laravel/khi_hakizen/vendor/laravel/framework/src/Illuminate/Foundation/Application.php(1048): Illuminate\\Container\\Container->resolve()
#3 /home/hari/Documents/project/laravel/khi_hakizen/vendor/laravel/framework/src/Illuminate/Container/Container.php(755): Illuminate\\Foundation\\Application->resolve()
#4 /home/hari/Documents/project/laravel/khi_hakizen/vendor/laravel/framework/src/Illuminate/Foundation/Application.php(1030): Illuminate\\Container\\Container->make()
#5 /home/hari/Documents/project/laravel/khi_hakizen/vendor/laravel/framework/src/Illuminate/Foundation/helpers.php(124): Illuminate\\Foundation\\Application->make()
#6 /home/hari/Documents/project/laravel/khi_hakizen/vendor/livewire/livewire/src/LivewireServiceProvider.php(29): app()
#7 /home/hari/Documents/project/laravel/khi_hakizen/vendor/livewire/livewire/src/LivewireServiceProvider.php(11): Livewire\\LivewireServiceProvider->registerLivewireSingleton()
#8 /home/hari/Documents/project/laravel/khi_hakizen/vendor/laravel/framework/src/Illuminate/Foundation/Application.php(870): Livewire\\LivewireServiceProvider->register()
#9 /home/hari/Documents/project/laravel/khi_hakizen/vendor/laravel/framework/src/Illuminate/Foundation/ProviderRepository.php(75): Illuminate\\Foundation\\Application->register()
#10 /home/hari/Documents/project/laravel/khi_hakizen/vendor/laravel/framework/src/Illuminate/Foundation/Application.php(845): Illuminate\\Foundation\\ProviderRepository->load()
#11 /home/hari/Documents/project/laravel/khi_hakizen/vendor/laravel/framework/src/Illuminate/Foundation/Bootstrap/RegisterProviders.php(37): Illuminate\\Foundation\\Application->registerConfiguredProviders()
#12 /home/hari/Documents/project/laravel/khi_hakizen/vendor/laravel/framework/src/Illuminate/Foundation/Application.php(316): Illuminate\\Foundation\\Bootstrap\\RegisterProviders->bootstrap()
#13 /home/hari/Documents/project/laravel/khi_hakizen/vendor/laravel/framework/src/Illuminate/Foundation/Console/Kernel.php(474): Illuminate\\Foundation\\Application->bootstrapWith()
#14 /home/hari/Documents/project/laravel/khi_hakizen/vendor/laravel/framework/src/Illuminate/Foundation/Console/Kernel.php(196): Illuminate\\Foundation\\Console\\Kernel->bootstrap()
#15 /home/hari/Documents/project/laravel/khi_hakizen/artisan(35): Illuminate\\Foundation\\Console\\Kernel->handle()
#16 {main}
"} 
[2025-04-24 08:05:20] local.ERROR: Target class [livewire] does not exist. {"exception":"[object] (Illuminate\\Contracts\\Container\\BindingResolutionException(code: 0): Target class [livewire] does not exist. at /home/hari/Documents/project/laravel/khi_hakizen/vendor/laravel/framework/src/Illuminate/Container/Container.php:946)
[stacktrace]
#0 /home/hari/Documents/project/laravel/khi_hakizen/vendor/laravel/framework/src/Illuminate/Container/Container.php(819): Illuminate\\Container\\Container->build()
#1 /home/hari/Documents/project/laravel/khi_hakizen/vendor/laravel/framework/src/Illuminate/Foundation/Application.php(1048): Illuminate\\Container\\Container->resolve()
#2 /home/hari/Documents/project/laravel/khi_hakizen/vendor/laravel/framework/src/Illuminate/Container/Container.php(755): Illuminate\\Foundation\\Application->resolve()
#3 /home/hari/Documents/project/laravel/khi_hakizen/vendor/laravel/framework/src/Illuminate/Foundation/Application.php(1030): Illuminate\\Container\\Container->make()
#4 /home/hari/Documents/project/laravel/khi_hakizen/vendor/laravel/framework/src/Illuminate/Foundation/helpers.php(124): Illuminate\\Foundation\\Application->make()
#5 /home/hari/Documents/project/laravel/khi_hakizen/vendor/livewire/livewire/src/LivewireServiceProvider.php(29): app()
#6 /home/hari/Documents/project/laravel/khi_hakizen/vendor/livewire/livewire/src/LivewireServiceProvider.php(11): Livewire\\LivewireServiceProvider->registerLivewireSingleton()
#7 /home/hari/Documents/project/laravel/khi_hakizen/vendor/laravel/framework/src/Illuminate/Foundation/Application.php(870): Livewire\\LivewireServiceProvider->register()
#8 /home/hari/Documents/project/laravel/khi_hakizen/vendor/laravel/framework/src/Illuminate/Foundation/ProviderRepository.php(75): Illuminate\\Foundation\\Application->register()
#9 /home/hari/Documents/project/laravel/khi_hakizen/vendor/laravel/framework/src/Illuminate/Foundation/Application.php(845): Illuminate\\Foundation\\ProviderRepository->load()
#10 /home/hari/Documents/project/laravel/khi_hakizen/vendor/laravel/framework/src/Illuminate/Foundation/Bootstrap/RegisterProviders.php(37): Illuminate\\Foundation\\Application->registerConfiguredProviders()
#11 /home/hari/Documents/project/laravel/khi_hakizen/vendor/laravel/framework/src/Illuminate/Foundation/Application.php(316): Illuminate\\Foundation\\Bootstrap\\RegisterProviders->bootstrap()
#12 /home/hari/Documents/project/laravel/khi_hakizen/vendor/laravel/framework/src/Illuminate/Foundation/Console/Kernel.php(474): Illuminate\\Foundation\\Application->bootstrapWith()
#13 /home/hari/Documents/project/laravel/khi_hakizen/vendor/laravel/framework/src/Illuminate/Foundation/Console/Kernel.php(196): Illuminate\\Foundation\\Console\\Kernel->bootstrap()
#14 /home/hari/Documents/project/laravel/khi_hakizen/artisan(35): Illuminate\\Foundation\\Console\\Kernel->handle()
#15 {main}

[previous exception] [object] (ReflectionException(code: -1): Class \"livewire\" does not exist at /home/hari/Documents/project/laravel/khi_hakizen/vendor/laravel/framework/src/Illuminate/Container/Container.php:944)
[stacktrace]
#0 /home/hari/Documents/project/laravel/khi_hakizen/vendor/laravel/framework/src/Illuminate/Container/Container.php(944): ReflectionClass->__construct()
#1 /home/hari/Documents/project/laravel/khi_hakizen/vendor/laravel/framework/src/Illuminate/Container/Container.php(819): Illuminate\\Container\\Container->build()
#2 /home/hari/Documents/project/laravel/khi_hakizen/vendor/laravel/framework/src/Illuminate/Foundation/Application.php(1048): Illuminate\\Container\\Container->resolve()
#3 /home/hari/Documents/project/laravel/khi_hakizen/vendor/laravel/framework/src/Illuminate/Container/Container.php(755): Illuminate\\Foundation\\Application->resolve()
#4 /home/hari/Documents/project/laravel/khi_hakizen/vendor/laravel/framework/src/Illuminate/Foundation/Application.php(1030): Illuminate\\Container\\Container->make()
#5 /home/hari/Documents/project/laravel/khi_hakizen/vendor/laravel/framework/src/Illuminate/Foundation/helpers.php(124): Illuminate\\Foundation\\Application->make()
#6 /home/hari/Documents/project/laravel/khi_hakizen/vendor/livewire/livewire/src/LivewireServiceProvider.php(29): app()
#7 /home/hari/Documents/project/laravel/khi_hakizen/vendor/livewire/livewire/src/LivewireServiceProvider.php(11): Livewire\\LivewireServiceProvider->registerLivewireSingleton()
#8 /home/hari/Documents/project/laravel/khi_hakizen/vendor/laravel/framework/src/Illuminate/Foundation/Application.php(870): Livewire\\LivewireServiceProvider->register()
#9 /home/hari/Documents/project/laravel/khi_hakizen/vendor/laravel/framework/src/Illuminate/Foundation/ProviderRepository.php(75): Illuminate\\Foundation\\Application->register()
#10 /home/hari/Documents/project/laravel/khi_hakizen/vendor/laravel/framework/src/Illuminate/Foundation/Application.php(845): Illuminate\\Foundation\\ProviderRepository->load()
#11 /home/hari/Documents/project/laravel/khi_hakizen/vendor/laravel/framework/src/Illuminate/Foundation/Bootstrap/RegisterProviders.php(37): Illuminate\\Foundation\\Application->registerConfiguredProviders()
#12 /home/hari/Documents/project/laravel/khi_hakizen/vendor/laravel/framework/src/Illuminate/Foundation/Application.php(316): Illuminate\\Foundation\\Bootstrap\\RegisterProviders->bootstrap()
#13 /home/hari/Documents/project/laravel/khi_hakizen/vendor/laravel/framework/src/Illuminate/Foundation/Console/Kernel.php(474): Illuminate\\Foundation\\Application->bootstrapWith()
#14 /home/hari/Documents/project/laravel/khi_hakizen/vendor/laravel/framework/src/Illuminate/Foundation/Console/Kernel.php(196): Illuminate\\Foundation\\Console\\Kernel->bootstrap()
#15 /home/hari/Documents/project/laravel/khi_hakizen/artisan(35): Illuminate\\Foundation\\Console\\Kernel->handle()
#16 {main}
"} 
[2025-04-24 08:05:25] local.ERROR: Target class [livewire] does not exist. {"exception":"[object] (Illuminate\\Contracts\\Container\\BindingResolutionException(code: 0): Target class [livewire] does not exist. at /home/hari/Documents/project/laravel/khi_hakizen/vendor/laravel/framework/src/Illuminate/Container/Container.php:946)
[stacktrace]
#0 /home/hari/Documents/project/laravel/khi_hakizen/vendor/laravel/framework/src/Illuminate/Container/Container.php(819): Illuminate\\Container\\Container->build()
#1 /home/hari/Documents/project/laravel/khi_hakizen/vendor/laravel/framework/src/Illuminate/Foundation/Application.php(1048): Illuminate\\Container\\Container->resolve()
#2 /home/hari/Documents/project/laravel/khi_hakizen/vendor/laravel/framework/src/Illuminate/Container/Container.php(755): Illuminate\\Foundation\\Application->resolve()
#3 /home/hari/Documents/project/laravel/khi_hakizen/vendor/laravel/framework/src/Illuminate/Foundation/Application.php(1030): Illuminate\\Container\\Container->make()
#4 /home/hari/Documents/project/laravel/khi_hakizen/vendor/laravel/framework/src/Illuminate/Foundation/helpers.php(124): Illuminate\\Foundation\\Application->make()
#5 /home/hari/Documents/project/laravel/khi_hakizen/vendor/livewire/livewire/src/LivewireServiceProvider.php(29): app()
#6 /home/hari/Documents/project/laravel/khi_hakizen/vendor/livewire/livewire/src/LivewireServiceProvider.php(11): Livewire\\LivewireServiceProvider->registerLivewireSingleton()
#7 /home/hari/Documents/project/laravel/khi_hakizen/vendor/laravel/framework/src/Illuminate/Foundation/Application.php(870): Livewire\\LivewireServiceProvider->register()
#8 /home/hari/Documents/project/laravel/khi_hakizen/vendor/laravel/framework/src/Illuminate/Foundation/ProviderRepository.php(75): Illuminate\\Foundation\\Application->register()
#9 /home/hari/Documents/project/laravel/khi_hakizen/vendor/laravel/framework/src/Illuminate/Foundation/Application.php(845): Illuminate\\Foundation\\ProviderRepository->load()
#10 /home/hari/Documents/project/laravel/khi_hakizen/vendor/laravel/framework/src/Illuminate/Foundation/Bootstrap/RegisterProviders.php(37): Illuminate\\Foundation\\Application->registerConfiguredProviders()
#11 /home/hari/Documents/project/laravel/khi_hakizen/vendor/laravel/framework/src/Illuminate/Foundation/Application.php(316): Illuminate\\Foundation\\Bootstrap\\RegisterProviders->bootstrap()
#12 /home/hari/Documents/project/laravel/khi_hakizen/vendor/laravel/framework/src/Illuminate/Foundation/Console/Kernel.php(474): Illuminate\\Foundation\\Application->bootstrapWith()
#13 /home/hari/Documents/project/laravel/khi_hakizen/vendor/laravel/framework/src/Illuminate/Foundation/Console/Kernel.php(196): Illuminate\\Foundation\\Console\\Kernel->bootstrap()
#14 Command line code(1): Illuminate\\Foundation\\Console\\Kernel->handle()
#15 {main}

[previous exception] [object] (ReflectionException(code: -1): Class \"livewire\" does not exist at /home/hari/Documents/project/laravel/khi_hakizen/vendor/laravel/framework/src/Illuminate/Container/Container.php:944)
[stacktrace]
#0 /home/hari/Documents/project/laravel/khi_hakizen/vendor/laravel/framework/src/Illuminate/Container/Container.php(944): ReflectionClass->__construct()
#1 /home/hari/Documents/project/laravel/khi_hakizen/vendor/laravel/framework/src/Illuminate/Container/Container.php(819): Illuminate\\Container\\Container->build()
#2 /home/hari/Documents/project/laravel/khi_hakizen/vendor/laravel/framework/src/Illuminate/Foundation/Application.php(1048): Illuminate\\Container\\Container->resolve()
#3 /home/hari/Documents/project/laravel/khi_hakizen/vendor/laravel/framework/src/Illuminate/Container/Container.php(755): Illuminate\\Foundation\\Application->resolve()
#4 /home/hari/Documents/project/laravel/khi_hakizen/vendor/laravel/framework/src/Illuminate/Foundation/Application.php(1030): Illuminate\\Container\\Container->make()
#5 /home/hari/Documents/project/laravel/khi_hakizen/vendor/laravel/framework/src/Illuminate/Foundation/helpers.php(124): Illuminate\\Foundation\\Application->make()
#6 /home/hari/Documents/project/laravel/khi_hakizen/vendor/livewire/livewire/src/LivewireServiceProvider.php(29): app()
#7 /home/hari/Documents/project/laravel/khi_hakizen/vendor/livewire/livewire/src/LivewireServiceProvider.php(11): Livewire\\LivewireServiceProvider->registerLivewireSingleton()
#8 /home/hari/Documents/project/laravel/khi_hakizen/vendor/laravel/framework/src/Illuminate/Foundation/Application.php(870): Livewire\\LivewireServiceProvider->register()
#9 /home/hari/Documents/project/laravel/khi_hakizen/vendor/laravel/framework/src/Illuminate/Foundation/ProviderRepository.php(75): Illuminate\\Foundation\\Application->register()
#10 /home/hari/Documents/project/laravel/khi_hakizen/vendor/laravel/framework/src/Illuminate/Foundation/Application.php(845): Illuminate\\Foundation\\ProviderRepository->load()
#11 /home/hari/Documents/project/laravel/khi_hakizen/vendor/laravel/framework/src/Illuminate/Foundation/Bootstrap/RegisterProviders.php(37): Illuminate\\Foundation\\Application->registerConfiguredProviders()
#12 /home/hari/Documents/project/laravel/khi_hakizen/vendor/laravel/framework/src/Illuminate/Foundation/Application.php(316): Illuminate\\Foundation\\Bootstrap\\RegisterProviders->bootstrap()
#13 /home/hari/Documents/project/laravel/khi_hakizen/vendor/laravel/framework/src/Illuminate/Foundation/Console/Kernel.php(474): Illuminate\\Foundation\\Application->bootstrapWith()
#14 /home/hari/Documents/project/laravel/khi_hakizen/vendor/laravel/framework/src/Illuminate/Foundation/Console/Kernel.php(196): Illuminate\\Foundation\\Console\\Kernel->bootstrap()
#15 Command line code(1): Illuminate\\Foundation\\Console\\Kernel->handle()
#16 {main}
"} 
[2025-04-24 08:05:25] local.ERROR: Target class [livewire] does not exist. {"exception":"[object] (Illuminate\\Contracts\\Container\\BindingResolutionException(code: 0): Target class [livewire] does not exist. at /home/hari/Documents/project/laravel/khi_hakizen/vendor/laravel/framework/src/Illuminate/Container/Container.php:946)
[stacktrace]
#0 /home/hari/Documents/project/laravel/khi_hakizen/vendor/laravel/framework/src/Illuminate/Container/Container.php(819): Illuminate\\Container\\Container->build()
#1 /home/hari/Documents/project/laravel/khi_hakizen/vendor/laravel/framework/src/Illuminate/Foundation/Application.php(1048): Illuminate\\Container\\Container->resolve()
#2 /home/hari/Documents/project/laravel/khi_hakizen/vendor/laravel/framework/src/Illuminate/Container/Container.php(755): Illuminate\\Foundation\\Application->resolve()
#3 /home/hari/Documents/project/laravel/khi_hakizen/vendor/laravel/framework/src/Illuminate/Foundation/Application.php(1030): Illuminate\\Container\\Container->make()
#4 /home/hari/Documents/project/laravel/khi_hakizen/vendor/laravel/framework/src/Illuminate/Foundation/helpers.php(124): Illuminate\\Foundation\\Application->make()
#5 /home/hari/Documents/project/laravel/khi_hakizen/vendor/livewire/livewire/src/LivewireServiceProvider.php(29): app()
#6 /home/hari/Documents/project/laravel/khi_hakizen/vendor/livewire/livewire/src/LivewireServiceProvider.php(11): Livewire\\LivewireServiceProvider->registerLivewireSingleton()
#7 /home/hari/Documents/project/laravel/khi_hakizen/vendor/laravel/framework/src/Illuminate/Foundation/Application.php(870): Livewire\\LivewireServiceProvider->register()
#8 /home/hari/Documents/project/laravel/khi_hakizen/vendor/laravel/framework/src/Illuminate/Foundation/ProviderRepository.php(75): Illuminate\\Foundation\\Application->register()
#9 /home/hari/Documents/project/laravel/khi_hakizen/vendor/laravel/framework/src/Illuminate/Foundation/Application.php(845): Illuminate\\Foundation\\ProviderRepository->load()
#10 /home/hari/Documents/project/laravel/khi_hakizen/vendor/laravel/framework/src/Illuminate/Foundation/Bootstrap/RegisterProviders.php(37): Illuminate\\Foundation\\Application->registerConfiguredProviders()
#11 /home/hari/Documents/project/laravel/khi_hakizen/vendor/laravel/framework/src/Illuminate/Foundation/Application.php(316): Illuminate\\Foundation\\Bootstrap\\RegisterProviders->bootstrap()
#12 /home/hari/Documents/project/laravel/khi_hakizen/vendor/laravel/framework/src/Illuminate/Foundation/Console/Kernel.php(474): Illuminate\\Foundation\\Application->bootstrapWith()
#13 /home/hari/Documents/project/laravel/khi_hakizen/vendor/laravel/framework/src/Illuminate/Foundation/Console/Kernel.php(196): Illuminate\\Foundation\\Console\\Kernel->bootstrap()
#14 Command line code(1): Illuminate\\Foundation\\Console\\Kernel->handle()
#15 {main}

[previous exception] [object] (ReflectionException(code: -1): Class \"livewire\" does not exist at /home/hari/Documents/project/laravel/khi_hakizen/vendor/laravel/framework/src/Illuminate/Container/Container.php:944)
[stacktrace]
#0 /home/hari/Documents/project/laravel/khi_hakizen/vendor/laravel/framework/src/Illuminate/Container/Container.php(944): ReflectionClass->__construct()
#1 /home/hari/Documents/project/laravel/khi_hakizen/vendor/laravel/framework/src/Illuminate/Container/Container.php(819): Illuminate\\Container\\Container->build()
#2 /home/hari/Documents/project/laravel/khi_hakizen/vendor/laravel/framework/src/Illuminate/Foundation/Application.php(1048): Illuminate\\Container\\Container->resolve()
#3 /home/hari/Documents/project/laravel/khi_hakizen/vendor/laravel/framework/src/Illuminate/Container/Container.php(755): Illuminate\\Foundation\\Application->resolve()
#4 /home/hari/Documents/project/laravel/khi_hakizen/vendor/laravel/framework/src/Illuminate/Foundation/Application.php(1030): Illuminate\\Container\\Container->make()
#5 /home/hari/Documents/project/laravel/khi_hakizen/vendor/laravel/framework/src/Illuminate/Foundation/helpers.php(124): Illuminate\\Foundation\\Application->make()
#6 /home/hari/Documents/project/laravel/khi_hakizen/vendor/livewire/livewire/src/LivewireServiceProvider.php(29): app()
#7 /home/hari/Documents/project/laravel/khi_hakizen/vendor/livewire/livewire/src/LivewireServiceProvider.php(11): Livewire\\LivewireServiceProvider->registerLivewireSingleton()
#8 /home/hari/Documents/project/laravel/khi_hakizen/vendor/laravel/framework/src/Illuminate/Foundation/Application.php(870): Livewire\\LivewireServiceProvider->register()
#9 /home/hari/Documents/project/laravel/khi_hakizen/vendor/laravel/framework/src/Illuminate/Foundation/ProviderRepository.php(75): Illuminate\\Foundation\\Application->register()
#10 /home/hari/Documents/project/laravel/khi_hakizen/vendor/laravel/framework/src/Illuminate/Foundation/Application.php(845): Illuminate\\Foundation\\ProviderRepository->load()
#11 /home/hari/Documents/project/laravel/khi_hakizen/vendor/laravel/framework/src/Illuminate/Foundation/Bootstrap/RegisterProviders.php(37): Illuminate\\Foundation\\Application->registerConfiguredProviders()
#12 /home/hari/Documents/project/laravel/khi_hakizen/vendor/laravel/framework/src/Illuminate/Foundation/Application.php(316): Illuminate\\Foundation\\Bootstrap\\RegisterProviders->bootstrap()
#13 /home/hari/Documents/project/laravel/khi_hakizen/vendor/laravel/framework/src/Illuminate/Foundation/Console/Kernel.php(474): Illuminate\\Foundation\\Application->bootstrapWith()
#14 /home/hari/Documents/project/laravel/khi_hakizen/vendor/laravel/framework/src/Illuminate/Foundation/Console/Kernel.php(196): Illuminate\\Foundation\\Console\\Kernel->bootstrap()
#15 Command line code(1): Illuminate\\Foundation\\Console\\Kernel->handle()
#16 {main}
"} 
